-- Connecting to localhost...
-- Starting transaction...
-- Setting savepoint...
-- Retrieving table structure for table activity_banner_custom_data...
-- Sending SELECT query...
-- Retrieving rows...
-- Rolling back to savepoint sp...
-- Retrieving table structure for table admin_roles...
-- Sending SELECT query...
-- Retrieving rows...
-- Rolling back to savepoint sp...
-- Retrieving table structure for table agent_bonus_table...
-- Sending SELECT query...
-- Retrieving rows...
-- Rolling back to savepoint sp...
-- Retrieving table structure for table agent_bonus_table2...
-- Sending SELECT query...
-- Retrieving rows...
-- Rolling back to savepoint sp...
-- Retrieving table structure for table agent_cron...
-- Sending SELECT query...
-- Retrieving rows...
-- Rolling back to savepoint sp...
-- Retrieving table structure for table agent_red_envelope_recharge_table...
-- Sending SELECT query...
-- Retrieving rows...
-- Rolling back to savepoint sp...
-- Retrieving table structure for table aks_amount_in_out_table...
-- Sending SELECT query...
-- Retrieving rows...
-- Rolling back to savepoint sp...
-- Retrieving table structure for table aks_comission_history_table...
-- Sending SELECT query...
-- Retrieving rows...
-- Rolling back to savepoint sp...
-- Retrieving table structure for table allowed_domains...
-- Sending SELECT query...
-- Retrieving rows...
-- Rolling back to savepoint sp...
-- Retrieving table structure for table amanatugolisu...
-- Sending SELECT query...
-- Retrieving rows...
-- Rolling back to savepoint sp...
-- Retrieving table structure for table auth_settings...
-- Sending SELECT query...
-- Retrieving rows...
-- Rolling back to savepoint sp...
-- Retrieving table structure for table aviset...
-- Sending SELECT query...
-- Retrieving rows...
-- Rolling back to savepoint sp...
-- Retrieving table structure for table bajikattuttate...
-- Sending SELECT query...
-- Retrieving rows...
-- Rolling back to savepoint sp...
-- Retrieving table structure for table bajikattuttate_aidudi...
-- Sending SELECT query...
-- Retrieving rows...
-- Rolling back to savepoint sp...
-- Retrieving table structure for table bajikattuttate_aidudi_drei...
-- Sending SELECT query...
-- Retrieving rows...
-- Rolling back to savepoint sp...
-- Retrieving table structure for table bajikattuttate_aidudi_funf...
-- Sending SELECT query...
-- Retrieving rows...
-- Rolling back to savepoint sp...
-- Retrieving table structure for table bajikattuttate_aidudi_zehn...
-- Sending SELECT query...
-- Retrieving rows...
-- Rolling back to savepoint sp...
-- Retrieving table structure for table bajikattuttate_drei...
-- Sending SELECT query...
-- Retrieving rows...
-- Rolling back to savepoint sp...
-- Retrieving table structure for table bajikattuttate_funf...
-- Sending SELECT query...
-- Retrieving rows...
-- Rolling back to savepoint sp...
-- Retrieving table structure for table bajikattuttate_kemuru...
-- Sending SELECT query...
-- Retrieving rows...
-- Rolling back to savepoint sp...
-- Retrieving table structure for table bajikattuttate_kemuru_drei...
-- Sending SELECT query...
-- Retrieving rows...
-- Rolling back to savepoint sp...
-- Retrieving table structure for table bajikattuttate_kemuru_funf...
-- Sending SELECT query...
-- Retrieving rows...
-- Rolling back to savepoint sp...
-- Retrieving table structure for table bajikattuttate_kemuru_zehn...
-- Sending SELECT query...
-- Retrieving rows...
-- Rolling back to savepoint sp...
-- Retrieving table structure for table bajikattuttate_trx...
-- Sending SELECT query...
-- Retrieving rows...
-- Rolling back to savepoint sp...
-- Retrieving table structure for table bajikattuttate_trx10...
-- Sending SELECT query...
-- Retrieving rows...
-- Rolling back to savepoint sp...
-- Retrieving table structure for table bajikattuttate_trx3...
-- Sending SELECT query...
-- Retrieving rows...
-- Rolling back to savepoint sp...
-- Retrieving table structure for table bajikattuttate_trx5...
-- Sending SELECT query...
-- Retrieving rows...
-- Rolling back to savepoint sp...
-- Retrieving table structure for table bajikattuttate_zehn...
-- Sending SELECT query...
-- Retrieving rows...
-- Rolling back to savepoint sp...
-- Retrieving table structure for table balance_detuct_table...
-- Sending SELECT query...
-- Retrieving rows...
-- Rolling back to savepoint sp...
-- Retrieving table structure for table bankcard...
-- Sending SELECT query...
-- Retrieving rows...
-- Rolling back to savepoint sp...
-- Retrieving table structure for table banks...
-- Sending SELECT query...
-- Retrieving rows...
-- Rolling back to savepoint sp...
-- Retrieving table structure for table banned_users...
-- Sending SELECT query...
-- Retrieving rows...
-- Rolling back to savepoint sp...
-- Retrieving table structure for table banners...
-- Sending SELECT query...
-- Retrieving rows...
-- Rolling back to savepoint sp...
-- Retrieving table structure for table betrec...
-- Sending SELECT query...
-- Retrieving rows...
-- Rolling back to savepoint sp...
-- Retrieving table structure for table bonus_recharge_table...
-- Sending SELECT query...
-- Retrieving rows...
-- Rolling back to savepoint sp...
-- Retrieving table structure for table bot_otp...
-- Sending SELECT query...
-- Retrieving rows...
-- Rolling back to savepoint sp...
-- Retrieving table structure for table bot_prediction_history...
-- Sending SELECT query...
-- Retrieving rows...
-- Rolling back to savepoint sp...
-- Retrieving table structure for table bot_settings...
-- Sending SELECT query...
-- Retrieving rows...
-- Rolling back to savepoint sp...
-- Retrieving table structure for table captcha_data...
-- Sending SELECT query...
-- Retrieving rows...
-- Rolling back to savepoint sp...
-- Retrieving table structure for table card_binding_gift_table...
-- Sending SELECT query...
-- Retrieving rows...
-- Rolling back to savepoint sp...
-- Retrieving table structure for table changelog...
-- Sending SELECT query...
-- Retrieving rows...
-- Rolling back to savepoint sp...
-- Retrieving table structure for table cihne...
-- Sending SELECT query...
-- Retrieving rows...
-- Rolling back to savepoint sp...
-- Retrieving table structure for table commission...
-- Sending SELECT query...
-- Retrieving rows...
-- Rolling back to savepoint sp...
-- Retrieving table structure for table country_codes...
-- Sending SELECT query...
-- Retrieving rows...
-- Rolling back to savepoint sp...
-- Retrieving table structure for table crashbetrecord...
-- Sending SELECT query...
-- Retrieving rows...
-- Rolling back to savepoint sp...
-- Retrieving table structure for table crashgamerecord...
-- Sending SELECT query...
-- Retrieving rows...
-- Rolling back to savepoint sp...
-- Retrieving table structure for table crashgamerecordtwo...
-- Sending SELECT query...
-- Retrieving rows...
-- Rolling back to savepoint sp...
-- Retrieving table structure for table currencies...
-- Sending SELECT query...
-- Retrieving rows...
-- Rolling back to savepoint sp...
-- Retrieving table structure for table daily_awards_table...
-- Sending SELECT query...
-- Retrieving rows...
-- Rolling back to savepoint sp...
-- Retrieving table structure for table daily_profit_rank...
-- Sending SELECT query...
-- Retrieving rows...
-- Rolling back to savepoint sp...
-- Retrieving table structure for table dailysalary...
-- Sending SELECT query...
-- Retrieving rows...
-- Rolling back to savepoint sp...
-- Retrieving table structure for table demo...
-- Sending SELECT query...
-- Retrieving rows...
-- Rolling back to savepoint sp...
-- Retrieving table structure for table deyya...
-- Sending SELECT query...
-- Retrieving rows...
-- Rolling back to savepoint sp...
-- Retrieving table structure for table deyyamrici...
-- Sending SELECT query...
-- Retrieving rows...
-- Rolling back to savepoint sp...
-- Retrieving table structure for table deyyya...
-- Sending SELECT query...
-- Retrieving rows...
-- Rolling back to savepoint sp...
-- Retrieving table structure for table egrahcer_sonub...
-- Sending SELECT query...
-- Retrieving rows...
-- Rolling back to savepoint sp...
-- Retrieving table structure for table fazi_ann...
-- Sending SELECT query...
-- Retrieving rows...
-- Rolling back to savepoint sp...
-- Retrieving table structure for table first_full_gift_table...
-- Sending SELECT query...
-- Retrieving rows...
-- Rolling back to savepoint sp...
-- Retrieving table structure for table game_categories...
-- Sending SELECT query...
-- Retrieving rows...
-- Rolling back to savepoint sp...
-- Retrieving table structure for table game_trend_apis...
-- Sending SELECT query...
-- Retrieving rows...
-- Rolling back to savepoint sp...
-- Retrieving table structure for table game_win_settings...
-- Sending SELECT query...
-- Retrieving rows...
-- Rolling back to savepoint sp...
-- Retrieving table structure for table gellaluhogiondu_aidudi_phalitansa...
-- Sending SELECT query...
-- Retrieving rows...
-- Rolling back to savepoint sp...
-- Retrieving table structure for table gellaluhogiondu_aidudi_phalitansa_drei...
-- Sending SELECT query...
-- Retrieving rows...
-- Rolling back to savepoint sp...
-- Retrieving table structure for table gellaluhogiondu_aidudi_phalitansa_funf...
-- Sending SELECT query...
-- Retrieving rows...
-- Rolling back to savepoint sp...
-- Retrieving table structure for table gellaluhogiondu_aidudi_phalitansa_zehn...
-- Sending SELECT query...
-- Retrieving rows...
-- Rolling back to savepoint sp...
-- Retrieving table structure for table gellaluhogiondu_kemeru_phalitansa...
-- Sending SELECT query...
-- Retrieving rows...
-- Rolling back to savepoint sp...
-- Retrieving table structure for table gellaluhogiondu_kemeru_phalitansa_drei...
-- Sending SELECT query...
-- Retrieving rows...
-- Rolling back to savepoint sp...
-- Retrieving table structure for table gellaluhogiondu_kemeru_phalitansa_funf...
-- Sending SELECT query...
-- Retrieving rows...
-- Rolling back to savepoint sp...
-- Retrieving table structure for table gellaluhogiondu_kemeru_phalitansa_zehn...
-- Sending SELECT query...
-- Retrieving rows...
-- Rolling back to savepoint sp...
-- Retrieving table structure for table gellaluhogiondu_phalitansa...
-- Sending SELECT query...
-- Retrieving rows...
-- Rolling back to savepoint sp...
-- Retrieving table structure for table gellaluhogiondu_phalitansa_drei...
-- Sending SELECT query...
-- Retrieving rows...
-- Rolling back to savepoint sp...
-- Retrieving table structure for table gellaluhogiondu_phalitansa_funf...
-- Sending SELECT query...
-- Retrieving rows...
-- Rolling back to savepoint sp...
-- Retrieving table structure for table gellaluhogiondu_phalitansa_zehn...
-- Sending SELECT query...
-- Retrieving rows...
-- Rolling back to savepoint sp...
-- Retrieving table structure for table gellaluhogiondu_trx...
-- Sending SELECT query...
-- Retrieving rows...
-- Rolling back to savepoint sp...
-- Retrieving table structure for table gellaluhogiondu_trx10...
-- Sending SELECT query...
-- Retrieving rows...
-- Rolling back to savepoint sp...
-- Retrieving table structure for table gellaluhogiondu_trx3...
-- Sending SELECT query...
-- Retrieving rows...
-- Rolling back to savepoint sp...
-- Retrieving table structure for table gellaluhogiondu_trx5...
-- Sending SELECT query...
-- Retrieving rows...
-- Rolling back to savepoint sp...
-- Retrieving table structure for table gelluonduhogu...
-- Sending SELECT query...
-- Retrieving rows...
-- Rolling back to savepoint sp...
-- Retrieving table structure for table gelluonduhogu_aidudi...
-- Sending SELECT query...
-- Retrieving rows...
-- Rolling back to savepoint sp...
-- Retrieving table structure for table gelluonduhogu_aidudi_drei...
-- Sending SELECT query...
-- Retrieving rows...
-- Rolling back to savepoint sp...
-- Retrieving table structure for table gelluonduhogu_aidudi_funf...
-- Sending SELECT query...
-- Retrieving rows...
-- Rolling back to savepoint sp...
-- Retrieving table structure for table gelluonduhogu_aidudi_zehn...
-- Sending SELECT query...
-- Retrieving rows...
-- Rolling back to savepoint sp...
-- Retrieving table structure for table gelluonduhogu_drei...
-- Sending SELECT query...
-- Retrieving rows...
-- Rolling back to savepoint sp...
-- Retrieving table structure for table gelluonduhogu_funf...
-- Sending SELECT query...
-- Retrieving rows...
-- Rolling back to savepoint sp...
-- Retrieving table structure for table gelluonduhogu_kemuru...
-- Sending SELECT query...
-- Retrieving rows...
-- Rolling back to savepoint sp...
-- Retrieving table structure for table gelluonduhogu_kemuru_drei...
-- Sending SELECT query...
-- Retrieving rows...
-- Rolling back to savepoint sp...
-- Retrieving table structure for table gelluonduhogu_kemuru_funf...
-- Sending SELECT query...
-- Retrieving rows...
-- Rolling back to savepoint sp...
-- Retrieving table structure for table gelluonduhogu_kemuru_zehn...
-- Sending SELECT query...
-- Retrieving rows...
-- Rolling back to savepoint sp...
-- Retrieving table structure for table gelluonduhogu_trx...
-- Sending SELECT query...
-- Retrieving rows...
-- Rolling back to savepoint sp...
-- Retrieving table structure for table gelluonduhogu_trx10...
-- Sending SELECT query...
-- Retrieving rows...
-- Rolling back to savepoint sp...
-- Retrieving table structure for table gelluonduhogu_trx3...
-- Sending SELECT query...
-- Retrieving rows...
-- Rolling back to savepoint sp...
-- Retrieving table structure for table gelluonduhogu_trx5...
-- Sending SELECT query...
-- Retrieving rows...
-- Rolling back to savepoint sp...
-- Retrieving table structure for table gelluonduhogu_zehn...
-- Sending SELECT query...
-- Retrieving rows...
-- Rolling back to savepoint sp...
-- Retrieving table structure for table hastacalita_phalitansa...
-- Sending SELECT query...
-- Retrieving rows...
-- Rolling back to savepoint sp...
-- Retrieving table structure for table hastacalita_phalitansa_aidudi...
-- Sending SELECT query...
-- Retrieving rows...
-- Rolling back to savepoint sp...
-- Retrieving table structure for table hastacalita_phalitansa_aidudi_drei...
-- Sending SELECT query...
-- Retrieving rows...
-- Rolling back to savepoint sp...
-- Retrieving table structure for table hastacalita_phalitansa_aidudi_funf...
-- Sending SELECT query...
-- Retrieving rows...
-- Rolling back to savepoint sp...
-- Retrieving table structure for table hastacalita_phalitansa_aidudi_zehn...
-- Sending SELECT query...
-- Retrieving rows...
-- Rolling back to savepoint sp...
-- Retrieving table structure for table hastacalita_phalitansa_drei...
-- Sending SELECT query...
-- Retrieving rows...
-- Rolling back to savepoint sp...
-- Retrieving table structure for table hastacalita_phalitansa_funf...
-- Sending SELECT query...
-- Retrieving rows...
-- Rolling back to savepoint sp...
-- Retrieving table structure for table hastacalita_phalitansa_kemeru...
-- Sending SELECT query...
-- Retrieving rows...
-- Rolling back to savepoint sp...
-- Retrieving table structure for table hastacalita_phalitansa_kemeru_drei...
-- Sending SELECT query...
-- Retrieving rows...
-- Rolling back to savepoint sp...
-- Retrieving table structure for table hastacalita_phalitansa_kemeru_funf...
-- Sending SELECT query...
-- Retrieving rows...
-- Rolling back to savepoint sp...
-- Retrieving table structure for table hastacalita_phalitansa_kemeru_zehn...
-- Sending SELECT query...
-- Retrieving rows...
-- Rolling back to savepoint sp...
-- Retrieving table structure for table hastacalita_phalitansa_zehn...
-- Sending SELECT query...
-- Retrieving rows...
-- Rolling back to savepoint sp...
-- Retrieving table structure for table hintegedukolli...
-- Sending SELECT query...
-- Retrieving rows...
-- Rolling back to savepoint sp...
-- Retrieving table structure for table hodike_balakedara...
-- Sending SELECT query...
-- Retrieving rows...
-- Rolling back to savepoint sp...
-- Retrieving table structure for table hodike_nirvahaka...
-- Sending SELECT query...
-- Retrieving rows...
-- Rolling back to savepoint sp...
-- Retrieving table structure for table illegal_bet_banned...
-- Sending SELECT query...
-- Retrieving rows...
-- Rolling back to savepoint sp...
-- Retrieving table structure for table images...
-- Sending SELECT query...
-- Retrieving rows...
-- Rolling back to savepoint sp...
-- Retrieving table structure for table images_usdt...
-- Sending SELECT query...
-- Retrieving rows...
-- Rolling back to savepoint sp...
-- Retrieving table structure for table invite_bonus_table...
-- Sending SELECT query...
-- Retrieving rows...
-- Rolling back to savepoint sp...
-- Retrieving table structure for table issues...
-- Sending SELECT query...
-- Retrieving rows...
-- Rolling back to savepoint sp...
-- Retrieving table structure for table khate...
-- Sending SELECT query...
-- Retrieving rows...
-- Rolling back to savepoint sp...
-- Retrieving table structure for table langcurrency...
-- Sending SELECT query...
-- Retrieving rows...
-- Rolling back to savepoint sp...
-- Retrieving table structure for table live_chat...
-- Sending SELECT query...
-- Retrieving rows...
-- Rolling back to savepoint sp...
-- Retrieving table structure for table maintenance...
-- Sending SELECT query...
-- Retrieving rows...
-- Rolling back to savepoint sp...
-- Retrieving table structure for table mrcoder_withdrawals...
-- Sending SELECT query...
-- Retrieving rows...
-- Rolling back to savepoint sp...
-- Retrieving table structure for table navigation_structure...
-- Sending SELECT query...
-- Retrieving rows...
-- Rolling back to savepoint sp...
-- Retrieving table structure for table need_to_bet_adjustments...
-- Sending SELECT query...
-- Retrieving rows...
-- Rolling back to savepoint sp...
-- Retrieving table structure for table new_members_bonus_table...
-- Sending SELECT query...
-- Retrieving rows...
-- Rolling back to savepoint sp...
-- Retrieving table structure for table nirvahaka_shonu...
-- Sending SELECT query...
-- Retrieving rows...
-- Rolling back to savepoint sp...
-- Retrieving table structure for table noitativni_sonub...
-- Sending SELECT query...
-- Retrieving rows...
-- Rolling back to savepoint sp...
-- Retrieving table structure for table notification...
-- Sending SELECT query...
-- Retrieving rows...
-- Rolling back to savepoint sp...
-- Retrieving table structure for table ossimages...
-- Sending SELECT query...
-- Retrieving rows...
-- Rolling back to savepoint sp...
-- Retrieving table structure for table otp_record...
-- Sending SELECT query...
-- Retrieving rows...
-- Rolling back to savepoint sp...
-- Retrieving table structure for table parametredepaiement...
-- Sending SELECT query...
-- Retrieving rows...
-- Rolling back to savepoint sp...
-- Retrieving table structure for table partner_global_settings...
-- Sending SELECT query...
-- Retrieving rows...
-- Rolling back to savepoint sp...
-- Retrieving table structure for table partner_reward_settings...
-- Sending SELECT query...
-- Retrieving rows...
-- Rolling back to savepoint sp...
-- Retrieving table structure for table partner_rewards...
-- Sending SELECT query...
-- Retrieving rows...
-- Rolling back to savepoint sp...
-- Retrieving table structure for table payment_methods...
-- Sending SELECT query...
-- Retrieving rows...
-- Rolling back to savepoint sp...
-- Retrieving table structure for table playing_guide...
-- Sending SELECT query...
-- Retrieving rows...
-- Rolling back to savepoint sp...
-- Retrieving table structure for table playing_guide_images...
-- Sending SELECT query...
-- Retrieving rows...
-- Rolling back to savepoint sp...
-- Retrieving table structure for table rebetrec...
-- Sending SELECT query...
-- Retrieving rows...
-- Rolling back to savepoint sp...
-- Retrieving table structure for table recharge_gift_table...
-- Sending SELECT query...
-- Retrieving rows...
-- Rolling back to savepoint sp...
-- Retrieving table structure for table recharge_spin_rewards...
-- Sending SELECT query...
-- Retrieving rows...
-- Rolling back to savepoint sp...
-- Retrieving table structure for table red_envelope_requests...
-- Sending SELECT query...
-- Retrieving rows...
-- Rolling back to savepoint sp...
-- Retrieving table structure for table registerbetauto...
-- Sending SELECT query...
-- Retrieving rows...
-- Rolling back to savepoint sp...
-- Retrieving table structure for table return_awards_table...
-- Sending SELECT query...
-- Retrieving rows...
-- Rolling back to savepoint sp...
-- Retrieving table structure for table safe_box...
-- Sending SELECT query...
-- Retrieving rows...
-- Rolling back to savepoint sp...
-- Retrieving table structure for table sametrend...
-- Sending SELECT query...
-- Retrieving rows...
-- Rolling back to savepoint sp...
-- Retrieving table structure for table sang_ka...
-- Sending SELECT query...
-- Retrieving rows...
-- Rolling back to savepoint sp...
-- Retrieving table structure for table sang_tuke...
-- Sending SELECT query...
-- Retrieving rows...
-- Rolling back to savepoint sp...
-- Retrieving table structure for table shonu_kaichila...
-- Sending SELECT query...
-- Retrieving rows...
-- Rolling back to savepoint sp...
-- Retrieving table structure for table shonu_subjects...
-- Sending SELECT query...
-- Retrieving rows...
-- Rolling back to savepoint sp...
-- Retrieving table structure for table shonu_transactions...
-- Sending SELECT query...
-- Retrieving rows...
-- Rolling back to savepoint sp...
-- Retrieving table structure for table shonu_turntable...
-- Sending SELECT query...
-- Retrieving rows...
-- Rolling back to savepoint sp...
-- Retrieving table structure for table shonu_turntable_spins...
-- Sending SELECT query...
-- Retrieving rows...
-- Rolling back to savepoint sp...
-- Retrieving table structure for table shonu_wallet_transactions...
-- Sending SELECT query...
-- Retrieving rows...
-- Rolling back to savepoint sp...
-- Retrieving table structure for table shonu_wallet_transactions_in...
-- Sending SELECT query...
-- Retrieving rows...
-- Rolling back to savepoint sp...
-- Retrieving table structure for table shonu_wallet_transactions_out...
-- Sending SELECT query...
-- Retrieving rows...
-- Rolling back to savepoint sp...
-- Retrieving table structure for table shonu_withdrawals...
-- Sending SELECT query...
-- Retrieving rows...
-- Rolling back to savepoint sp...
-- Retrieving table structure for table signin_recharge_rewards...
-- Sending SELECT query...
-- Retrieving rows...
-- Rolling back to savepoint sp...
-- Retrieving table structure for table site_messages...
-- Sending SELECT query...
-- Retrieving rows...
-- Rolling back to savepoint sp...
-- Retrieving table structure for table spinrec...
-- Sending SELECT query...
-- Retrieving rows...
-- Rolling back to savepoint sp...
-- Retrieving table structure for table table_activity...
-- Sending SELECT query...
-- Retrieving rows...
-- Rolling back to savepoint sp...
-- Retrieving table structure for table table_needbet...
-- Sending SELECT query...
-- Retrieving rows...
-- Rolling back to savepoint sp...
-- Retrieving table structure for table table_turnover...
-- Sending SELECT query...
-- Retrieving rows...
-- Rolling back to savepoint sp...
-- Retrieving table structure for table tb_agent...
-- Sending SELECT query...
-- Retrieving rows...
-- Rolling back to savepoint sp...
-- Retrieving table structure for table tbl_apigames_record...
-- Sending SELECT query...
-- Retrieving rows...
-- Rolling back to savepoint sp...
-- Retrieving table structure for table tbl_config...
-- Sending SELECT query...
-- Retrieving rows...
-- Rolling back to savepoint sp...
-- Retrieving table structure for table tbl_firstdepositreward...
-- Sending SELECT query...
-- Retrieving rows...
-- Rolling back to savepoint sp...
-- Retrieving table structure for table tbl_invitebonus...
-- Sending SELECT query...
-- Retrieving rows...
-- Rolling back to savepoint sp...
-- Retrieving table structure for table tbl_pg...
-- Sending SELECT query...
-- Retrieving rows...
-- Rolling back to savepoint sp...
-- Retrieving table structure for table teacher_profile...
-- Sending SELECT query...
-- Retrieving rows...
-- Rolling back to savepoint sp...
-- Retrieving table structure for table telegramme...
-- Sending SELECT query...
-- Retrieving rows...
-- Rolling back to savepoint sp...
-- Retrieving table structure for table thevani...
-- Sending SELECT query...
-- Retrieving rows...
-- Rolling back to savepoint sp...
-- Retrieving table structure for table to_be_add_comission...
-- Sending SELECT query...
-- Retrieving rows...
-- Rolling back to savepoint sp...
-- Retrieving table structure for table to_be_add_comission_transaction_history...
-- Sending SELECT query...
-- Retrieving rows...
-- Rolling back to savepoint sp...
-- Retrieving table structure for table tracking_userbonus...
-- Sending SELECT query...
-- Retrieving rows...
-- Rolling back to savepoint sp...
-- Retrieving table structure for table universal_trend_log...
-- Sending SELECT query...
-- Retrieving rows...
-- Rolling back to savepoint sp...
-- Retrieving table structure for table updates...
-- Sending SELECT query...
-- Retrieving rows...
-- Rolling back to savepoint sp...
-- Retrieving table structure for table upi_address...
-- Sending SELECT query...
-- Retrieving rows...
-- Rolling back to savepoint sp...
-- Retrieving table structure for table usdt_rate...
-- Sending SELECT query...
-- Retrieving rows...
-- Rolling back to savepoint sp...
-- Retrieving table structure for table usdt_waddress...
-- Sending SELECT query...
-- Retrieving rows...
-- Rolling back to savepoint sp...
-- Retrieving table structure for table user_extra_funds...
-- Sending SELECT query...
-- Retrieving rows...
-- Rolling back to savepoint sp...
-- Retrieving table structure for table user_withdraw_summary...
-- Sending SELECT query...
-- Retrieving rows...
-- Rolling back to savepoint sp...
-- Retrieving table structure for table users_feedback...
-- Sending SELECT query...
-- Retrieving rows...
-- Rolling back to savepoint sp...
-- Retrieving table structure for table vip...
-- Sending SELECT query...
-- Retrieving rows...
-- Rolling back to savepoint sp...
-- Retrieving table structure for table vip_levels...
-- Sending SELECT query...
-- Retrieving rows...
-- Rolling back to savepoint sp...
-- Retrieving table structure for table vip_money_management...
-- Sending SELECT query...
-- Retrieving rows...
-- Rolling back to savepoint sp...
-- Retrieving table structure for table viprec...
-- Sending SELECT query...
-- Retrieving rows...
-- Rolling back to savepoint sp...
-- Retrieving table structure for table vyavahara...
-- Sending SELECT query...
-- Retrieving rows...
-- Rolling back to savepoint sp...
-- Retrieving table structure for table web_commission...
-- Sending SELECT query...
-- Retrieving rows...
-- Rolling back to savepoint sp...
-- Retrieving table structure for table web_setting...
-- Sending SELECT query...
-- Retrieving rows...
-- Rolling back to savepoint sp...
-- Retrieving table structure for table website_messages...
-- Sending SELECT query...
-- Retrieving rows...
-- Rolling back to savepoint sp...
-- Retrieving table structure for table weekly_awards_table...
-- Sending SELECT query...
-- Retrieving rows...
-- Rolling back to savepoint sp...
-- Retrieving table structure for table wingo_periods...
-- Sending SELECT query...
-- Retrieving rows...
-- Rolling back to savepoint sp...
-- Retrieving table structure for table your_table...
-- Sending SELECT query...
-- Retrieving rows...
-- Rolling back to savepoint sp...
-- Releasing savepoint...
-- Disconnecting from localhost...

--- BACKUP COMPLETED SUCCESSFULLY ---
