{"time":"2026-08-26T17:49:54+05:30","level":"ERROR","request_id":"49e6c88bf200ed12","message":"PHP runtime error","request":{"method":"POST","uri":"/developer-maruf/api/webapi/GetCustomerServiceTypelist","script":"/developer-maruf/api/webapi/GetCustomerServiceTypelist.php"},"context":{"type":"E_WARNING","error":"Undefined array key 1","file":"/home/utqgpyjt/shreewin.club9.eu.cc/developer-maruf/api/webapi/GetCustomerServiceTypelist.php","line":32}}
{"time":"2026-08-26T17:50:39+05:30","level":"ERROR","request_id":"d7a8e89a755c0dd4","message":"PHP runtime error","request":{"method":"POST","uri":"/developer-maruf/api/webapi/GetTotalRebateRules","script":"/developer-maruf/api/webapi/GetTotalRebateRules.php"},"context":{"type":"E_WARNING","error":"Undefined array key 1","file":"/home/utqgpyjt/shreewin.club9.eu.cc/developer-maruf/api/webapi/GetTotalRebateRules.php","line":32}}
{"time":"2026-08-26T17:51:50+05:30","level":"ERROR","request_id":"0a50cd8fbad66bac","message":"PHP runtime error","request":{"method":"POST","uri":"/developer-maruf/api/webapi/GetVipUsers","script":"/developer-maruf/api/webapi/GetVipUsers.php"},"context":{"type":"E_WARNING","error":"Trying to access array offset on value of type null","file":"/home/utqgpyjt/shreewin.club9.eu.cc/developer-maruf/api/webapi/GetVipUsers.php","line":49}}
{"time":"2026-08-26T17:51:50+05:30","level":"ERROR","request_id":"0a50cd8fbad66bac","message":"PHP runtime error","request":{"method":"POST","uri":"/developer-maruf/api/webapi/GetVipUsers","script":"/developer-maruf/api/webapi/GetVipUsers.php"},"context":{"type":"E_WARNING","error":"Trying to access array offset on value of type null","file":"/home/utqgpyjt/shreewin.club9.eu.cc/developer-maruf/api/webapi/GetVipUsers.php","line":51}}
{"time":"2026-08-26T17:51:57+05:30","level":"ERROR","request_id":"a5188a4c7aaa6183","message":"PHP runtime error","request":{"method":"POST","uri":"/developer-maruf/api/webapi/GetVipUsers","script":"/developer-maruf/api/webapi/GetVipUsers.php"},"context":{"type":"E_WARNING","error":"Trying to access array offset on value of type null","file":"/home/utqgpyjt/shreewin.club9.eu.cc/developer-maruf/api/webapi/GetVipUsers.php","line":49}}
{"time":"2026-08-26T17:51:57+05:30","level":"ERROR","request_id":"a5188a4c7aaa6183","message":"PHP runtime error","request":{"method":"POST","uri":"/developer-maruf/api/webapi/GetVipUsers","script":"/developer-maruf/api/webapi/GetVipUsers.php"},"context":{"type":"E_WARNING","error":"Trying to access array offset on value of type null","file":"/home/utqgpyjt/shreewin.club9.eu.cc/developer-maruf/api/webapi/GetVipUsers.php","line":51}}
{"time":"2026-08-26T17:58:17+05:30","level":"ERROR","request_id":"fa79493664e8c252","message":"PHP runtime error","request":{"method":"POST","uri":"/developer-maruf/api/webapi/GetVipUsers","script":"/developer-maruf/api/webapi/GetVipUsers.php"},"context":{"type":"E_WARNING","error":"Trying to access array offset on value of type null","file":"/home/utqgpyjt/shreewin.club9.eu.cc/developer-maruf/api/webapi/GetVipUsers.php","line":49}}
{"time":"2026-08-26T17:58:17+05:30","level":"ERROR","request_id":"fa79493664e8c252","message":"PHP runtime error","request":{"method":"POST","uri":"/developer-maruf/api/webapi/GetVipUsers","script":"/developer-maruf/api/webapi/GetVipUsers.php"},"context":{"type":"E_WARNING","error":"Trying to access array offset on value of type null","file":"/home/utqgpyjt/shreewin.club9.eu.cc/developer-maruf/api/webapi/GetVipUsers.php","line":51}}
{"time":"2026-08-26T18:22:36+05:30","level":"INFO","request_id":"94a947af6994b7d4","message":"Recharge payment redirect created","request":{"method":"POST","uri":"/developer-maruf/api/webapi/CreateThirdRechargeOrderV3.php","script":"/developer-maruf/api/webapi/CreateThirdRechargeOrderV3.php"},"context":{"pay_id":13,"pay_type_id":2191,"amount":100,"target":"/pay/wepay.php"}}
{"time":"2026-08-26T18:22:52+05:30","level":"ERROR","request_id":"48edad7c41252f7c","message":"PHP runtime error","request":{"method":"POST","uri":"/developer-maruf/api/webapi/GetVipUsers","script":"/developer-maruf/api/webapi/GetVipUsers.php"},"context":{"type":"E_WARNING","error":"Trying to access array offset on value of type null","file":"/home/utqgpyjt/shreewin.club9.eu.cc/developer-maruf/api/webapi/GetVipUsers.php","line":49}}
{"time":"2026-08-26T18:22:52+05:30","level":"ERROR","request_id":"48edad7c41252f7c","message":"PHP runtime error","request":{"method":"POST","uri":"/developer-maruf/api/webapi/GetVipUsers","script":"/developer-maruf/api/webapi/GetVipUsers.php"},"context":{"type":"E_WARNING","error":"Trying to access array offset on value of type null","file":"/home/utqgpyjt/shreewin.club9.eu.cc/developer-maruf/api/webapi/GetVipUsers.php","line":51}}
{"time":"2026-08-26T18:24:18+05:30","level":"ERROR","request_id":"7fa35607c9ffe369","message":"PHP runtime error","request":{"method":"POST","uri":"/developer-maruf/api/webapi/GetVipUsers","script":"/developer-maruf/api/webapi/GetVipUsers.php"},"context":{"type":"E_WARNING","error":"Trying to access array offset on value of type null","file":"/home/utqgpyjt/shreewin.club9.eu.cc/developer-maruf/api/webapi/GetVipUsers.php","line":49}}
{"time":"2026-08-26T18:24:18+05:30","level":"ERROR","request_id":"7fa35607c9ffe369","message":"PHP runtime error","request":{"method":"POST","uri":"/developer-maruf/api/webapi/GetVipUsers","script":"/developer-maruf/api/webapi/GetVipUsers.php"},"context":{"type":"E_WARNING","error":"Trying to access array offset on value of type null","file":"/home/utqgpyjt/shreewin.club9.eu.cc/developer-maruf/api/webapi/GetVipUsers.php","line":51}}
{"time":"2026-08-26T18:24:23+05:30","level":"INFO","request_id":"d9f39f3754bf6544","message":"Recharge payment redirect created","request":{"method":"POST","uri":"/developer-maruf/api/webapi/CreateThirdRechargeOrderV3.php","script":"/developer-maruf/api/webapi/CreateThirdRechargeOrderV3.php"},"context":{"pay_id":13,"pay_type_id":2191,"amount":100,"target":"/pay/wepay.php"}}
{"time":"2026-08-26T18:24:33+05:30","level":"WARNING","request_id":"eb9cefcfb40555c6","message":"Deposit UTR submission failed","request":{"method":"POST","uri":"/pay/adddeposit.php","script":"/pay/adddeposit.php"},"context":{"reason":"invalid_payment_signature","context":{"user_id":113884}}}
{"time":"2026-08-26T18:24:37+05:30","level":"WARNING","request_id":"36e2087d0a9a55ad","message":"Deposit UTR submission failed","request":{"method":"POST","uri":"/pay/adddeposit.php","script":"/pay/adddeposit.php"},"context":{"reason":"invalid_payment_signature","context":{"user_id":113884}}}
[26-Aug-2026 18:52:22 Asia/Kolkata] [saas-lottery period override check] Call to undefined method mysqli_stmt::get_result()
[26-Aug-2026 18:52:22 Asia/Kolkata] [draw-live-v4] Call to undefined method mysqli_stmt::get_result()
{"time":"2026-08-26T18:52:32+05:30","level":"WARNING","request_id":"7a9ab38951168d8e","message":"HTTP route not found","request":{"method":"POST","uri":"/cdn-cgi/rum","script":"/route-error.php"},"context":{"status":404,"original_uri":"/cdn-cgi/rum"}}
{"time":"2026-08-26T18:52:32+05:30","level":"CRITICAL","request_id":"7a9ab38951168d8e","message":"Uncaught exception","request":{"method":"POST","uri":"/cdn-cgi/rum","script":"/route-error.php"},"context":{"exception":"Error","error":"Call to undefined function str_contains()","file":"/home/utqgpyjt/shreewin.club9.eu.cc/route-error.php","line":21,"trace":[]}}
[26-Aug-2026 18:52:34 Asia/Kolkata] [saas-lottery period override check] Call to undefined method mysqli_stmt::get_result()
[26-Aug-2026 18:52:34 Asia/Kolkata] [draw-live-v4] Call to undefined method mysqli_stmt::get_result()
{"time":"2026-08-26T18:52:47+05:30","level":"WARNING","request_id":"221b9c8737c91bdb","message":"HTTP route not found","request":{"method":"POST","uri":"/cdn-cgi/rum","script":"/route-error.php"},"context":{"status":404,"original_uri":"/cdn-cgi/rum"}}
{"time":"2026-08-26T18:52:47+05:30","level":"CRITICAL","request_id":"221b9c8737c91bdb","message":"Uncaught exception","request":{"method":"POST","uri":"/cdn-cgi/rum","script":"/route-error.php"},"context":{"exception":"Error","error":"Call to undefined function str_contains()","file":"/home/utqgpyjt/shreewin.club9.eu.cc/route-error.php","line":21,"trace":[]}}
[26-Aug-2026 18:52:52 Asia/Kolkata] [saas-lottery period override check] Call to undefined method mysqli_stmt::get_result()
[26-Aug-2026 18:52:52 Asia/Kolkata] [draw-live-v4] Call to undefined method mysqli_stmt::get_result()
[26-Aug-2026 18:52:59 Asia/Kolkata] [saas-lottery period override check] Call to undefined method mysqli_stmt::get_result()
[26-Aug-2026 18:52:59 Asia/Kolkata] [draw-live-v4] Call to undefined method mysqli_stmt::get_result()
{"time":"2026-08-26T18:53:19+05:30","level":"WARNING","request_id":"73d94f3f37b4969e","message":"HTTP route not found","request":{"method":"GET","uri":"/assets/css/record-DwWdbdRc.css","script":"/route-error.php"},"context":{"status":404,"original_uri":"/assets/css/record-DwWdbdRc.css"}}
{"time":"2026-08-26T18:53:19+05:30","level":"CRITICAL","request_id":"73d94f3f37b4969e","message":"Uncaught exception","request":{"method":"GET","uri":"/assets/css/record-DwWdbdRc.css","script":"/route-error.php"},"context":{"exception":"Error","error":"Call to undefined function str_contains()","file":"/home/utqgpyjt/shreewin.club9.eu.cc/route-error.php","line":21,"trace":[]}}
[26-Aug-2026 18:53:19 Asia/Kolkata] [saas-lottery period override check] Call to undefined method mysqli_stmt::get_result()
[26-Aug-2026 18:53:19 Asia/Kolkata] [draw-live-v4] Call to undefined method mysqli_stmt::get_result()
[26-Aug-2026 18:54:01 Asia/Kolkata] [saas-lottery period override check] Call to undefined method mysqli_stmt::get_result()
[26-Aug-2026 18:54:01 Asia/Kolkata] [draw-live-v4] Call to undefined method mysqli_stmt::get_result()
[26-Aug-2026 18:55:02 Asia/Kolkata] [saas-lottery period override check] Call to undefined method mysqli_stmt::get_result()
[26-Aug-2026 18:55:02 Asia/Kolkata] [draw-live-v4] Call to undefined method mysqli_stmt::get_result()
[26-Aug-2026 18:56:01 Asia/Kolkata] [saas-lottery period override check] Call to undefined method mysqli_stmt::get_result()
[26-Aug-2026 18:56:01 Asia/Kolkata] [draw-live-v4] Call to undefined method mysqli_stmt::get_result()
[26-Aug-2026 18:57:02 Asia/Kolkata] [saas-lottery period override check] Call to undefined method mysqli_stmt::get_result()
[26-Aug-2026 18:57:02 Asia/Kolkata] [draw-live-v4] Call to undefined method mysqli_stmt::get_result()
[26-Aug-2026 18:57:41 Asia/Kolkata] [saas-lottery period override check] Call to undefined method mysqli_stmt::get_result()
[26-Aug-2026 18:57:41 Asia/Kolkata] [draw-live-v4] Call to undefined method mysqli_stmt::get_result()
[26-Aug-2026 18:58:07 Asia/Kolkata] [saas-lottery period override check] Call to undefined method mysqli_stmt::get_result()
[26-Aug-2026 18:58:07 Asia/Kolkata] [draw-live-v4] Call to undefined method mysqli_stmt::get_result()
[26-Aug-2026 18:59:24 Asia/Kolkata] [saas-lottery period override check] Call to undefined method mysqli_stmt::get_result()
[26-Aug-2026 18:59:24 Asia/Kolkata] [draw-live-v4] Call to undefined method mysqli_stmt::get_result()
[26-Aug-2026 19:00:27 Asia/Kolkata] [saas-lottery period override check] Call to undefined method mysqli_stmt::get_result()
[26-Aug-2026 19:00:27 Asia/Kolkata] [draw-live-v4] Call to undefined method mysqli_stmt::get_result()
[26-Aug-2026 19:01:08 Asia/Kolkata] [saas-lottery period override check] Call to undefined method mysqli_stmt::get_result()
[26-Aug-2026 19:01:08 Asia/Kolkata] [draw-live-v4] Call to undefined method mysqli_stmt::get_result()
[26-Aug-2026 19:02:14 Asia/Kolkata] [saas-lottery period override check] Call to undefined method mysqli_stmt::get_result()
[26-Aug-2026 19:02:14 Asia/Kolkata] [draw-live-v4] Call to undefined method mysqli_stmt::get_result()
[26-Aug-2026 19:03:22 Asia/Kolkata] [saas-lottery period override check] Call to undefined method mysqli_stmt::get_result()
[26-Aug-2026 19:03:22 Asia/Kolkata] [draw-live-v4] Call to undefined method mysqli_stmt::get_result()
[26-Aug-2026 19:04:04 Asia/Kolkata] [saas-lottery period override check] Call to undefined method mysqli_stmt::get_result()
[26-Aug-2026 19:04:04 Asia/Kolkata] [draw-live-v4] Call to undefined method mysqli_stmt::get_result()
[26-Aug-2026 19:05:11 Asia/Kolkata] [saas-lottery period override check] Call to undefined method mysqli_stmt::get_result()
[26-Aug-2026 19:05:11 Asia/Kolkata] [draw-live-v4] Call to undefined method mysqli_stmt::get_result()
[26-Aug-2026 19:06:21 Asia/Kolkata] [saas-lottery period override check] Call to undefined method mysqli_stmt::get_result()
[26-Aug-2026 19:06:21 Asia/Kolkata] [draw-live-v4] Call to undefined method mysqli_stmt::get_result()
[26-Aug-2026 19:07:05 Asia/Kolkata] [saas-lottery period override check] Call to undefined method mysqli_stmt::get_result()
[26-Aug-2026 19:07:05 Asia/Kolkata] [draw-live-v4] Call to undefined method mysqli_stmt::get_result()
[26-Aug-2026 19:08:01 Asia/Kolkata] [saas-lottery period override check] Call to undefined method mysqli_stmt::get_result()
[26-Aug-2026 19:08:01 Asia/Kolkata] [draw-live-v4] Call to undefined method mysqli_stmt::get_result()
[26-Aug-2026 19:09:09 Asia/Kolkata] [saas-lottery period override check] Call to undefined method mysqli_stmt::get_result()
[26-Aug-2026 19:09:09 Asia/Kolkata] [draw-live-v4] Call to undefined method mysqli_stmt::get_result()
[26-Aug-2026 19:10:08 Asia/Kolkata] [saas-lottery period override check] Call to undefined method mysqli_stmt::get_result()
[26-Aug-2026 19:10:08 Asia/Kolkata] [draw-live-v4] Call to undefined method mysqli_stmt::get_result()
[26-Aug-2026 19:11:03 Asia/Kolkata] [saas-lottery period override check] Call to undefined method mysqli_stmt::get_result()
[26-Aug-2026 19:11:03 Asia/Kolkata] [draw-live-v4] Call to undefined method mysqli_stmt::get_result()
[26-Aug-2026 19:12:02 Asia/Kolkata] [saas-lottery period override check] Call to undefined method mysqli_stmt::get_result()
[26-Aug-2026 19:12:02 Asia/Kolkata] [draw-live-v4] Call to undefined method mysqli_stmt::get_result()
[26-Aug-2026 19:13:05 Asia/Kolkata] [saas-lottery period override check] Call to undefined method mysqli_stmt::get_result()
[26-Aug-2026 19:13:05 Asia/Kolkata] [draw-live-v4] Call to undefined method mysqli_stmt::get_result()
[26-Aug-2026 19:14:02 Asia/Kolkata] [saas-lottery period override check] Call to undefined method mysqli_stmt::get_result()
[26-Aug-2026 19:14:02 Asia/Kolkata] [draw-live-v4] Call to undefined method mysqli_stmt::get_result()
{"time":"2026-08-26T19:14:27+05:30","level":"ERROR","request_id":"32d265c6b30ade9e","message":"Lottery history storage failed; provider fallback returned","request":{"method":"GET","uri":"/TrxWinGo/TrxWinGo_1M/GetHistoryIssuePage.json?ts=1787751868009","script":"/draw-live-v4/index.php"},"context":{"component":"saas_lottery_history","game_code":"TrxWinGo_1M","phase":"cache_read_or_settlement","exception":"Error","error":"Call to undefined method mysqli_stmt::get_result()"}}
{"time":"2026-08-26T19:14:51+05:30","level":"WARNING","request_id":"4cafcc6b2dbd6511","message":"HTTP route not found","request":{"method":"POST","uri":"/cdn-cgi/rum","script":"/route-error.php"},"context":{"status":404,"original_uri":"/cdn-cgi/rum"}}
{"time":"2026-08-26T19:14:51+05:30","level":"CRITICAL","request_id":"4cafcc6b2dbd6511","message":"Uncaught exception","request":{"method":"POST","uri":"/cdn-cgi/rum","script":"/route-error.php"},"context":{"exception":"Error","error":"Call to undefined function str_contains()","file":"/home/utqgpyjt/shreewin.club9.eu.cc/route-error.php","line":21,"trace":[]}}
{"time":"2026-08-26T19:14:51+05:30","level":"WARNING","request_id":"4e5b3ae1d3c976dd","message":"HTTP route not found","request":{"method":"GET","uri":"/assets/css/record-DwWdbdRc.css","script":"/route-error.php"},"context":{"status":404,"original_uri":"/assets/css/record-DwWdbdRc.css"}}
{"time":"2026-08-26T19:14:51+05:30","level":"CRITICAL","request_id":"4e5b3ae1d3c976dd","message":"Uncaught exception","request":{"method":"GET","uri":"/assets/css/record-DwWdbdRc.css","script":"/route-error.php"},"context":{"exception":"Error","error":"Call to undefined function str_contains()","file":"/home/utqgpyjt/shreewin.club9.eu.cc/route-error.php","line":21,"trace":[]}}
{"time":"2026-08-26T19:14:53+05:30","level":"ERROR","request_id":"f3fe089ca49edcf0","message":"Lottery history storage failed; provider fallback returned","request":{"method":"GET","uri":"/draw-live-v4/index.php?lottery=TrxWinGo&gameCode=TrxWinGo_1M&history=1&ts=1787751892931","script":"/draw-live-v4/index.php"},"context":{"component":"saas_lottery_history","game_code":"TrxWinGo_1M","phase":"cache_read_or_settlement","exception":"Error","error":"Call to undefined method mysqli_stmt::get_result()"}}
[26-Aug-2026 19:15:00 Asia/Kolkata] [saas-lottery period override check] Call to undefined method mysqli_stmt::get_result()
{"time":"2026-08-26T19:15:00+05:30","level":"ERROR","request_id":"9ceb0567108736df","message":"Lottery history storage failed; provider fallback returned","request":{"method":"GET","uri":"/draw-live-v4/index.php?lottery=TrxWinGo&gameCode=TrxWinGo_1M&history=1&ts=1787751901264","script":"/draw-live-v4/index.php"},"context":{"component":"saas_lottery_history","game_code":"TrxWinGo_1M","phase":"cache_read_or_settlement","exception":"Error","error":"Call to undefined method mysqli_stmt::get_result()"}}
{"time":"2026-08-26T19:15:09+05:30","level":"WARNING","request_id":"666026311b600452","message":"HTTP route not found","request":{"method":"POST","uri":"/cdn-cgi/rum","script":"/route-error.php"},"context":{"status":404,"original_uri":"/cdn-cgi/rum"}}
{"time":"2026-08-26T19:15:09+05:30","level":"CRITICAL","request_id":"666026311b600452","message":"Uncaught exception","request":{"method":"POST","uri":"/cdn-cgi/rum","script":"/route-error.php"},"context":{"exception":"Error","error":"Call to undefined function str_contains()","file":"/home/utqgpyjt/shreewin.club9.eu.cc/route-error.php","line":21,"trace":[]}}
[26-Aug-2026 19:15:25 Asia/Kolkata] [saas-lottery period override check] Call to undefined method mysqli_stmt::get_result()
{"time":"2026-08-26T19:15:25+05:30","level":"ERROR","request_id":"3e7aa0d1898cc4fc","message":"Lottery history storage failed; provider fallback returned","request":{"method":"GET","uri":"/draw-live-v4/index.php?lottery=WinGo&gameCode=WinGo_30S&history=1&ts=1787751925895","script":"/draw-live-v4/index.php"},"context":{"component":"saas_lottery_history","game_code":"WinGo_30S","phase":"cache_read_or_settlement","exception":"Error","error":"Call to undefined method mysqli_stmt::get_result()"}}
[26-Aug-2026 19:15:30 Asia/Kolkata] [saas-lottery period override check] Call to undefined method mysqli_stmt::get_result()
{"time":"2026-08-26T19:15:30+05:30","level":"ERROR","request_id":"e7ad2e27affac1e5","message":"Lottery history storage failed; provider fallback returned","request":{"method":"GET","uri":"/draw-live-v4/index.php?lottery=WinGo&gameCode=WinGo_30S&history=1&ts=1787751930749","script":"/draw-live-v4/index.php"},"context":{"component":"saas_lottery_history","game_code":"WinGo_30S","phase":"cache_read_or_settlement","exception":"Error","error":"Call to undefined method mysqli_stmt::get_result()"}}
{"time":"2026-08-26T19:15:34+05:30","level":"WARNING","request_id":"2b1d366fc70a80ed","message":"HTTP route not found","request":{"method":"POST","uri":"/cdn-cgi/rum","script":"/route-error.php"},"context":{"status":404,"original_uri":"/cdn-cgi/rum"}}
{"time":"2026-08-26T19:15:34+05:30","level":"CRITICAL","request_id":"2b1d366fc70a80ed","message":"Uncaught exception","request":{"method":"POST","uri":"/cdn-cgi/rum","script":"/route-error.php"},"context":{"exception":"Error","error":"Call to undefined function str_contains()","file":"/home/utqgpyjt/shreewin.club9.eu.cc/route-error.php","line":21,"trace":[]}}
{"time":"2026-08-26T19:15:39+05:30","level":"WARNING","request_id":"01f229a9a6c2d1d7","message":"HTTP route not found","request":{"method":"GET","uri":"/assets/css/Record-DEx9JJGk.css","script":"/route-error.php"},"context":{"status":404,"original_uri":"/assets/css/Record-DEx9JJGk.css"}}
{"time":"2026-08-26T19:15:39+05:30","level":"CRITICAL","request_id":"01f229a9a6c2d1d7","message":"Uncaught exception","request":{"method":"GET","uri":"/assets/css/Record-DEx9JJGk.css","script":"/route-error.php"},"context":{"exception":"Error","error":"Call to undefined function str_contains()","file":"/home/utqgpyjt/shreewin.club9.eu.cc/route-error.php","line":21,"trace":[]}}
[26-Aug-2026 19:15:40 Asia/Kolkata] [saas-lottery period override check] Call to undefined method mysqli_stmt::get_result()
{"time":"2026-08-26T19:15:40+05:30","level":"ERROR","request_id":"5d1491f58e2556bb","message":"Lottery history storage failed; provider fallback returned","request":{"method":"GET","uri":"/draw-live-v4/index.php?lottery=K3&gameCode=K3_1M&history=1&ts=1787751940289","script":"/draw-live-v4/index.php"},"context":{"component":"saas_lottery_history","game_code":"K3_1M","phase":"cache_read_or_settlement","exception":"Error","error":"Call to undefined method mysqli_stmt::get_result()"}}
{"time":"2026-08-26T19:15:55+05:30","level":"WARNING","request_id":"c0d9900ba64e873e","message":"HTTP route not found","request":{"method":"POST","uri":"/cdn-cgi/rum","script":"/route-error.php"},"context":{"status":404,"original_uri":"/cdn-cgi/rum"}}
{"time":"2026-08-26T19:15:55+05:30","level":"CRITICAL","request_id":"c0d9900ba64e873e","message":"Uncaught exception","request":{"method":"POST","uri":"/cdn-cgi/rum","script":"/route-error.php"},"context":{"exception":"Error","error":"Call to undefined function str_contains()","file":"/home/utqgpyjt/shreewin.club9.eu.cc/route-error.php","line":21,"trace":[]}}
[26-Aug-2026 19:16:00 Asia/Kolkata] [saas-lottery period override check] Call to undefined method mysqli_stmt::get_result()
{"time":"2026-08-26T19:16:00+05:30","level":"ERROR","request_id":"3a3bc13c97e1f70f","message":"Lottery history storage failed; provider fallback returned","request":{"method":"GET","uri":"/api-live-v4/Lottery/index.php?action=GetHistoryIssuePage&gameCode=TrxWinGo_1M&pageNo=1&pageSize=10&language=en&random=931230773934&signature=%5BREDACTED%5D&timestamp=1787751961","script":"/api-live-v4/Lottery/index.php"},"context":{"component":"saas_lottery_history","game_code":"TrxWinGo_1M","phase":"cache_read_or_settlement","exception":"Error","error":"Call to undefined method mysqli_stmt::get_result()"}}
{"time":"2026-08-26T19:16:01+05:30","level":"ERROR","request_id":"ee5c02c4c57b7a81","message":"Lottery history storage failed; provider fallback returned","request":{"method":"GET","uri":"/draw-live-v4/index.php?lottery=TrxWinGo&gameCode=TrxWinGo_1M&history=1&ts=1787751960883","script":"/draw-live-v4/index.php"},"context":{"component":"saas_lottery_history","game_code":"TrxWinGo_1M","phase":"cache_read_or_settlement","exception":"Error","error":"Call to undefined method mysqli_stmt::get_result()"}}
{"time":"2026-08-26T19:16:12+05:30","level":"WARNING","request_id":"2b255965237c40ed","message":"HTTP route not found","request":{"method":"POST","uri":"/cdn-cgi/rum","script":"/route-error.php"},"context":{"status":404,"original_uri":"/cdn-cgi/rum"}}
{"time":"2026-08-26T19:16:12+05:30","level":"CRITICAL","request_id":"2b255965237c40ed","message":"Uncaught exception","request":{"method":"POST","uri":"/cdn-cgi/rum","script":"/route-error.php"},"context":{"exception":"Error","error":"Call to undefined function str_contains()","file":"/home/utqgpyjt/shreewin.club9.eu.cc/route-error.php","line":21,"trace":[]}}
{"time":"2026-08-26T19:16:28+05:30","level":"WARNING","request_id":"43fc85296cf89f57","message":"HTTP route not found","request":{"method":"POST","uri":"/cdn-cgi/rum","script":"/route-error.php"},"context":{"status":404,"original_uri":"/cdn-cgi/rum"}}
{"time":"2026-08-26T19:16:28+05:30","level":"CRITICAL","request_id":"43fc85296cf89f57","message":"Uncaught exception","request":{"method":"POST","uri":"/cdn-cgi/rum","script":"/route-error.php"},"context":{"exception":"Error","error":"Call to undefined function str_contains()","file":"/home/utqgpyjt/shreewin.club9.eu.cc/route-error.php","line":21,"trace":[]}}
{"time":"2026-08-26T19:31:57+05:30","level":"WARNING","request_id":"942e9e99a8ff1f54","message":"HTTP route not found","request":{"method":"GET","uri":"/open/","script":"/route-error.php"},"context":{"status":404,"original_uri":"/open/"}}
{"time":"2026-08-26T19:31:57+05:30","level":"CRITICAL","request_id":"942e9e99a8ff1f54","message":"Uncaught exception","request":{"method":"GET","uri":"/open/","script":"/route-error.php"},"context":{"exception":"Error","error":"Call to undefined function str_contains()","file":"/home/utqgpyjt/shreewin.club9.eu.cc/route-error.php","line":21,"trace":[]}}
{"time":"2026-08-26T19:31:57+05:30","level":"WARNING","request_id":"18246afbae12a9c9","message":"HTTP route not found","request":{"method":"GET","uri":"/open/visitors/info/gets?uuid=1","script":"/route-error.php"},"context":{"status":404,"original_uri":"/open/visitors/info/gets"}}
{"time":"2026-08-26T19:31:57+05:30","level":"CRITICAL","request_id":"18246afbae12a9c9","message":"Uncaught exception","request":{"method":"GET","uri":"/open/visitors/info/gets?uuid=1","script":"/route-error.php"},"context":{"exception":"Error","error":"Call to undefined function str_contains()","file":"/home/utqgpyjt/shreewin.club9.eu.cc/route-error.php","line":21,"trace":[]}}
{"time":"2026-08-26T19:31:59+05:30","level":"WARNING","request_id":"b8202acbf71f99e1","message":"HTTP route not found","request":{"method":"GET","uri":"/open/visitors/info/gets?uuid=1","script":"/route-error.php"},"context":{"status":404,"original_uri":"/open/visitors/info/gets"}}
{"time":"2026-08-26T19:31:59+05:30","level":"CRITICAL","request_id":"b8202acbf71f99e1","message":"Uncaught exception","request":{"method":"GET","uri":"/open/visitors/info/gets?uuid=1","script":"/route-error.php"},"context":{"exception":"Error","error":"Call to undefined function str_contains()","file":"/home/utqgpyjt/shreewin.club9.eu.cc/route-error.php","line":21,"trace":[]}}
{"time":"2026-08-26T19:31:59+05:30","level":"WARNING","request_id":"2684d873ebd5bf0b","message":"HTTP route not found","request":{"method":"GET","uri":"/open/","script":"/route-error.php"},"context":{"status":404,"original_uri":"/open/"}}
{"time":"2026-08-26T19:31:59+05:30","level":"CRITICAL","request_id":"2684d873ebd5bf0b","message":"Uncaught exception","request":{"method":"GET","uri":"/open/","script":"/route-error.php"},"context":{"exception":"Error","error":"Call to undefined function str_contains()","file":"/home/utqgpyjt/shreewin.club9.eu.cc/route-error.php","line":21,"trace":[]}}
{"time":"2026-08-26T20:33:42+05:30","level":"WARNING","request_id":"34ac376e9f96171c","message":"HTTP route not found","request":{"method":"POST","uri":"/cdn-cgi/rum","script":"/route-error.php"},"context":{"status":404,"original_uri":"/cdn-cgi/rum"}}
{"time":"2026-08-26T20:33:42+05:30","level":"CRITICAL","request_id":"34ac376e9f96171c","message":"Uncaught exception","request":{"method":"POST","uri":"/cdn-cgi/rum","script":"/route-error.php"},"context":{"exception":"Error","error":"Call to undefined function str_contains()","file":"/home/utqgpyjt/shreewin.club9.eu.cc/route-error.php","line":21,"trace":[]}}
[26-Aug-2026 20:33:48 Asia/Kolkata] [saas-lottery period override check] Call to undefined method mysqli_stmt::get_result()
{"time":"2026-08-26T20:33:48+05:30","level":"ERROR","request_id":"f2ed1b7cfbd4aadf","message":"Lottery history storage failed; provider fallback returned","request":{"method":"GET","uri":"/draw-live-v4/index.php?lottery=WinGo&gameCode=WinGo_30S&history=1&ts=1787756627251","script":"/draw-live-v4/index.php"},"context":{"component":"saas_lottery_history","game_code":"WinGo_30S","phase":"cache_read_or_settlement","exception":"Error","error":"Call to undefined method mysqli_stmt::get_result()"}}
{"time":"2026-08-26T20:34:00+05:30","level":"ERROR","request_id":"9a6ff0378bcf7d9f","message":"PHP runtime error","request":{"method":"POST","uri":"/developer-maruf/api/webapi/GetVipUsers","script":"/developer-maruf/api/webapi/GetVipUsers.php"},"context":{"type":"E_WARNING","error":"Trying to access array offset on value of type null","file":"/home/utqgpyjt/shreewin.club9.eu.cc/developer-maruf/api/webapi/GetVipUsers.php","line":49}}
{"time":"2026-08-26T20:34:00+05:30","level":"ERROR","request_id":"9a6ff0378bcf7d9f","message":"PHP runtime error","request":{"method":"POST","uri":"/developer-maruf/api/webapi/GetVipUsers","script":"/developer-maruf/api/webapi/GetVipUsers.php"},"context":{"type":"E_WARNING","error":"Trying to access array offset on value of type null","file":"/home/utqgpyjt/shreewin.club9.eu.cc/developer-maruf/api/webapi/GetVipUsers.php","line":51}}
{"time":"2026-08-26T20:34:03+05:30","level":"WARNING","request_id":"029a9c3b8abb5c48","message":"HTTP route not found","request":{"method":"POST","uri":"/cdn-cgi/rum","script":"/route-error.php"},"context":{"status":404,"original_uri":"/cdn-cgi/rum"}}
{"time":"2026-08-26T20:34:03+05:30","level":"CRITICAL","request_id":"029a9c3b8abb5c48","message":"Uncaught exception","request":{"method":"POST","uri":"/cdn-cgi/rum","script":"/route-error.php"},"context":{"exception":"Error","error":"Call to undefined function str_contains()","file":"/home/utqgpyjt/shreewin.club9.eu.cc/route-error.php","line":21,"trace":[]}}
{"time":"2026-08-26T20:36:07+05:30","level":"ERROR","request_id":"5601788c5cd7cb46","message":"PHP runtime error","request":{"method":"POST","uri":"/developer-maruf/api/webapi/GetVipUsers","script":"/developer-maruf/api/webapi/GetVipUsers.php"},"context":{"type":"E_WARNING","error":"Trying to access array offset on value of type null","file":"/home/utqgpyjt/shreewin.club9.eu.cc/developer-maruf/api/webapi/GetVipUsers.php","line":49}}
{"time":"2026-08-26T20:36:07+05:30","level":"ERROR","request_id":"5601788c5cd7cb46","message":"PHP runtime error","request":{"method":"POST","uri":"/developer-maruf/api/webapi/GetVipUsers","script":"/developer-maruf/api/webapi/GetVipUsers.php"},"context":{"type":"E_WARNING","error":"Trying to access array offset on value of type null","file":"/home/utqgpyjt/shreewin.club9.eu.cc/developer-maruf/api/webapi/GetVipUsers.php","line":51}}
{"time":"2026-08-26T20:36:08+05:30","level":"WARNING","request_id":"d212637f3245bb0d","message":"HTTP route not found","request":{"method":"POST","uri":"/cdn-cgi/rum","script":"/route-error.php"},"context":{"status":404,"original_uri":"/cdn-cgi/rum"}}
{"time":"2026-08-26T20:36:08+05:30","level":"CRITICAL","request_id":"d212637f3245bb0d","message":"Uncaught exception","request":{"method":"POST","uri":"/cdn-cgi/rum","script":"/route-error.php"},"context":{"exception":"Error","error":"Call to undefined function str_contains()","file":"/home/utqgpyjt/shreewin.club9.eu.cc/route-error.php","line":21,"trace":[]}}
{"time":"2026-08-26T20:36:26+05:30","level":"WARNING","request_id":"5393f8ef37bea776","message":"HTTP route not found","request":{"method":"POST","uri":"/cdn-cgi/rum","script":"/route-error.php"},"context":{"status":404,"original_uri":"/cdn-cgi/rum"}}
{"time":"2026-08-26T20:36:26+05:30","level":"CRITICAL","request_id":"5393f8ef37bea776","message":"Uncaught exception","request":{"method":"POST","uri":"/cdn-cgi/rum","script":"/route-error.php"},"context":{"exception":"Error","error":"Call to undefined function str_contains()","file":"/home/utqgpyjt/shreewin.club9.eu.cc/route-error.php","line":21,"trace":[]}}
{"time":"2026-08-26T20:37:10+05:30","level":"ERROR","request_id":"bd626371cac68f27","message":"PHP runtime error","request":{"method":"POST","uri":"/developer-maruf/api/webapi/GetCustomerServiceTypelist","script":"/developer-maruf/api/webapi/GetCustomerServiceTypelist.php"},"context":{"type":"E_WARNING","error":"Undefined array key 1","file":"/home/utqgpyjt/shreewin.club9.eu.cc/developer-maruf/api/webapi/GetCustomerServiceTypelist.php","line":32}}
{"time":"2026-08-26T20:37:12+05:30","level":"WARNING","request_id":"679c34f243181618","message":"HTTP route not found","request":{"method":"POST","uri":"/cdn-cgi/rum","script":"/route-error.php"},"context":{"status":404,"original_uri":"/cdn-cgi/rum"}}
{"time":"2026-08-26T20:37:12+05:30","level":"CRITICAL","request_id":"679c34f243181618","message":"Uncaught exception","request":{"method":"POST","uri":"/cdn-cgi/rum","script":"/route-error.php"},"context":{"exception":"Error","error":"Call to undefined function str_contains()","file":"/home/utqgpyjt/shreewin.club9.eu.cc/route-error.php","line":21,"trace":[]}}
{"time":"2026-08-26T20:37:12+05:30","level":"WARNING","request_id":"3d3dd21dbe972e34","message":"HTTP route not found","request":{"method":"POST","uri":"/cdn-cgi/rum","script":"/route-error.php"},"context":{"status":404,"original_uri":"/cdn-cgi/rum"}}
{"time":"2026-08-26T20:37:12+05:30","level":"CRITICAL","request_id":"3d3dd21dbe972e34","message":"Uncaught exception","request":{"method":"POST","uri":"/cdn-cgi/rum","script":"/route-error.php"},"context":{"exception":"Error","error":"Call to undefined function str_contains()","file":"/home/utqgpyjt/shreewin.club9.eu.cc/route-error.php","line":21,"trace":[]}}
{"time":"2026-08-26T20:37:14+05:30","level":"ERROR","request_id":"5621f488be0c23ba","message":"PHP runtime error","request":{"method":"POST","uri":"/developer-maruf/api/webapi/GetCustomerServiceTypelist","script":"/developer-maruf/api/webapi/GetCustomerServiceTypelist.php"},"context":{"type":"E_WARNING","error":"Undefined array key 1","file":"/home/utqgpyjt/shreewin.club9.eu.cc/developer-maruf/api/webapi/GetCustomerServiceTypelist.php","line":32}}
{"time":"2026-08-26T20:37:30+05:30","level":"WARNING","request_id":"57576f0e3c259c01","message":"HTTP route not found","request":{"method":"POST","uri":"/cdn-cgi/rum","script":"/route-error.php"},"context":{"status":404,"original_uri":"/cdn-cgi/rum"}}
{"time":"2026-08-26T20:37:30+05:30","level":"CRITICAL","request_id":"57576f0e3c259c01","message":"Uncaught exception","request":{"method":"POST","uri":"/cdn-cgi/rum","script":"/route-error.php"},"context":{"exception":"Error","error":"Call to undefined function str_contains()","file":"/home/utqgpyjt/shreewin.club9.eu.cc/route-error.php","line":21,"trace":[]}}
{"time":"2026-08-26T20:39:44+05:30","level":"ERROR","request_id":"bee112c9dccbe5fc","message":"PHP runtime error","request":{"method":"POST","uri":"/developer-maruf/api/webapi/GetVipUsers","script":"/developer-maruf/api/webapi/GetVipUsers.php"},"context":{"type":"E_WARNING","error":"Trying to access array offset on value of type null","file":"/home/utqgpyjt/shreewin.club9.eu.cc/developer-maruf/api/webapi/GetVipUsers.php","line":49}}
{"time":"2026-08-26T20:39:44+05:30","level":"ERROR","request_id":"bee112c9dccbe5fc","message":"PHP runtime error","request":{"method":"POST","uri":"/developer-maruf/api/webapi/GetVipUsers","script":"/developer-maruf/api/webapi/GetVipUsers.php"},"context":{"type":"E_WARNING","error":"Trying to access array offset on value of type null","file":"/home/utqgpyjt/shreewin.club9.eu.cc/developer-maruf/api/webapi/GetVipUsers.php","line":51}}
{"time":"2026-08-26T20:39:52+05:30","level":"INFO","request_id":"a573ab925afcaafb","message":"Recharge payment redirect created","request":{"method":"POST","uri":"/developer-maruf/api/webapi/CreateThirdRechargeOrderV3.php","script":"/developer-maruf/api/webapi/CreateThirdRechargeOrderV3.php"},"context":{"pay_id":13,"pay_type_id":2191,"amount":200,"target":"/pay/wepay.php"}}
{"time":"2026-08-26T20:39:56+05:30","level":"WARNING","request_id":"68edc022b297bfb2","message":"HTTP route not found","request":{"method":"GET","uri":"/favicon.ico","script":"/route-error.php"},"context":{"status":404,"original_uri":"/favicon.ico"}}
{"time":"2026-08-26T20:39:56+05:30","level":"CRITICAL","request_id":"68edc022b297bfb2","message":"Uncaught exception","request":{"method":"GET","uri":"/favicon.ico","script":"/route-error.php"},"context":{"exception":"Error","error":"Call to undefined function str_contains()","file":"/home/utqgpyjt/shreewin.club9.eu.cc/route-error.php","line":21,"trace":[]}}
{"time":"2026-08-26T20:39:58+05:30","level":"WARNING","request_id":"c3fb949842d3154c","message":"Deposit UTR submission failed","request":{"method":"POST","uri":"/pay/adddeposit.php","script":"/pay/adddeposit.php"},"context":{"reason":"duplicate_reference","context":{"user_id":113884}}}
{"time":"2026-08-26T20:40:09+05:30","level":"ERROR","request_id":"d63fc14edeb01eda","message":"PHP runtime error","request":{"method":"POST","uri":"/developer-maruf/api/webapi/GetVipUsers","script":"/developer-maruf/api/webapi/GetVipUsers.php"},"context":{"type":"E_WARNING","error":"Trying to access array offset on value of type null","file":"/home/utqgpyjt/shreewin.club9.eu.cc/developer-maruf/api/webapi/GetVipUsers.php","line":49}}
{"time":"2026-08-26T20:40:09+05:30","level":"ERROR","request_id":"d63fc14edeb01eda","message":"PHP runtime error","request":{"method":"POST","uri":"/developer-maruf/api/webapi/GetVipUsers","script":"/developer-maruf/api/webapi/GetVipUsers.php"},"context":{"type":"E_WARNING","error":"Trying to access array offset on value of type null","file":"/home/utqgpyjt/shreewin.club9.eu.cc/developer-maruf/api/webapi/GetVipUsers.php","line":51}}
{"time":"2026-08-26T20:40:10+05:30","level":"WARNING","request_id":"638501d082748995","message":"HTTP route not found","request":{"method":"POST","uri":"/cdn-cgi/rum","script":"/route-error.php"},"context":{"status":404,"original_uri":"/cdn-cgi/rum"}}
{"time":"2026-08-26T20:40:10+05:30","level":"CRITICAL","request_id":"638501d082748995","message":"Uncaught exception","request":{"method":"POST","uri":"/cdn-cgi/rum","script":"/route-error.php"},"context":{"exception":"Error","error":"Call to undefined function str_contains()","file":"/home/utqgpyjt/shreewin.club9.eu.cc/route-error.php","line":21,"trace":[]}}
{"time":"2026-08-26T20:40:13+05:30","level":"WARNING","request_id":"56bc98aade8f929f","message":"HTTP route not found","request":{"method":"POST","uri":"/cdn-cgi/rum","script":"/route-error.php"},"context":{"status":404,"original_uri":"/cdn-cgi/rum"}}
{"time":"2026-08-26T20:40:13+05:30","level":"CRITICAL","request_id":"56bc98aade8f929f","message":"Uncaught exception","request":{"method":"POST","uri":"/cdn-cgi/rum","script":"/route-error.php"},"context":{"exception":"Error","error":"Call to undefined function str_contains()","file":"/home/utqgpyjt/shreewin.club9.eu.cc/route-error.php","line":21,"trace":[]}}
{"time":"2026-08-26T20:40:16+05:30","level":"WARNING","request_id":"d33977193126d884","message":"HTTP route not found","request":{"method":"GET","uri":"/favicon.ico","script":"/route-error.php"},"context":{"status":404,"original_uri":"/favicon.ico"}}
{"time":"2026-08-26T20:40:16+05:30","level":"CRITICAL","request_id":"d33977193126d884","message":"Uncaught exception","request":{"method":"GET","uri":"/favicon.ico","script":"/route-error.php"},"context":{"exception":"Error","error":"Call to undefined function str_contains()","file":"/home/utqgpyjt/shreewin.club9.eu.cc/route-error.php","line":21,"trace":[]}}
{"time":"2026-08-26T20:40:54+05:30","level":"ERROR","request_id":"194398615939e0fc","message":"PHP runtime error","request":{"method":"POST","uri":"/developer-maruf/api/webapi/GetVipUsers","script":"/developer-maruf/api/webapi/GetVipUsers.php"},"context":{"type":"E_WARNING","error":"Trying to access array offset on value of type null","file":"/home/utqgpyjt/shreewin.club9.eu.cc/developer-maruf/api/webapi/GetVipUsers.php","line":49}}
{"time":"2026-08-26T20:40:54+05:30","level":"ERROR","request_id":"194398615939e0fc","message":"PHP runtime error","request":{"method":"POST","uri":"/developer-maruf/api/webapi/GetVipUsers","script":"/developer-maruf/api/webapi/GetVipUsers.php"},"context":{"type":"E_WARNING","error":"Trying to access array offset on value of type null","file":"/home/utqgpyjt/shreewin.club9.eu.cc/developer-maruf/api/webapi/GetVipUsers.php","line":51}}
{"time":"2026-08-26T20:46:19+05:30","level":"WARNING","request_id":"60761b4ad25c8798","message":"HTTP route not found","request":{"method":"GET","uri":"/assets/css/record-DwWdbdRc.css","script":"/route-error.php"},"context":{"status":404,"original_uri":"/assets/css/record-DwWdbdRc.css"}}
{"time":"2026-08-26T20:46:19+05:30","level":"CRITICAL","request_id":"60761b4ad25c8798","message":"Uncaught exception","request":{"method":"GET","uri":"/assets/css/record-DwWdbdRc.css","script":"/route-error.php"},"context":{"exception":"Error","error":"Call to undefined function str_contains()","file":"/home/utqgpyjt/shreewin.club9.eu.cc/route-error.php","line":21,"trace":[]}}
[26-Aug-2026 20:46:20 Asia/Kolkata] [saas-lottery period override check] Call to undefined method mysqli_stmt::get_result()
[26-Aug-2026 20:46:20 Asia/Kolkata] [daman-saas-lottery-live-v4] Call to undefined method mysqli_stmt::get_result()
[26-Aug-2026 20:46:20 Asia/Kolkata] [saas-lottery period override check] Call to undefined method mysqli_stmt::get_result()
{"time":"2026-08-26T20:46:20+05:30","level":"ERROR","request_id":"47ea6fb835cbbd9d","message":"Lottery history storage failed; provider fallback returned","request":{"method":"GET","uri":"/draw-live-v4/index.php?lottery=MotoRace&gameCode=MotoRace_1M&history=1&ts=1787757379365","script":"/draw-live-v4/index.php"},"context":{"component":"saas_lottery_history","game_code":"MotoRace_1M","phase":"cache_read_or_settlement","exception":"Error","error":"Call to undefined method mysqli_stmt::get_result()"}}
[26-Aug-2026 20:46:20 Asia/Kolkata] [saas-lottery period override check] Call to undefined method mysqli_stmt::get_result()
{"time":"2026-08-26T20:46:20+05:30","level":"ERROR","request_id":"4440cf2e67a0568f","message":"Lottery history storage failed; provider fallback returned","request":{"method":"GET","uri":"/draw-live-v4/index.php?lottery=TrxWinGo&gameCode=TrxWinGo_1M&history=1&ts=1787757379579","script":"/draw-live-v4/index.php"},"context":{"component":"saas_lottery_history","game_code":"TrxWinGo_1M","phase":"cache_read_or_settlement","exception":"Error","error":"Call to undefined method mysqli_stmt::get_result()"}}
{"time":"2026-08-26T20:46:27+05:30","level":"WARNING","request_id":"485402688d8b2c91","message":"HTTP route not found","request":{"method":"POST","uri":"/cdn-cgi/rum","script":"/route-error.php"},"context":{"status":404,"original_uri":"/cdn-cgi/rum"}}
{"time":"2026-08-26T20:46:27+05:30","level":"CRITICAL","request_id":"485402688d8b2c91","message":"Uncaught exception","request":{"method":"POST","uri":"/cdn-cgi/rum","script":"/route-error.php"},"context":{"exception":"Error","error":"Call to undefined function str_contains()","file":"/home/utqgpyjt/shreewin.club9.eu.cc/route-error.php","line":21,"trace":[]}}
[26-Aug-2026 20:46:29 Asia/Kolkata] [saas-lottery period override check] Call to undefined method mysqli_stmt::get_result()
[26-Aug-2026 20:46:29 Asia/Kolkata] [daman-saas-lottery-live-v4] Call to undefined method mysqli_stmt::get_result()
[26-Aug-2026 20:46:29 Asia/Kolkata] [saas-lottery period override check] Call to undefined method mysqli_stmt::get_result()
{"time":"2026-08-26T20:46:29+05:30","level":"ERROR","request_id":"f875f94a5773241b","message":"Lottery history storage failed; provider fallback returned","request":{"method":"GET","uri":"/draw-live-v4/index.php?lottery=MotoRace&gameCode=MotoRace_1M&history=1&ts=1787757387454","script":"/draw-live-v4/index.php"},"context":{"component":"saas_lottery_history","game_code":"MotoRace_1M","phase":"cache_read_or_settlement","exception":"Error","error":"Call to undefined method mysqli_stmt::get_result()"}}
[26-Aug-2026 21:03:14 Asia/Kolkata] [saas-lottery period override check] Call to undefined method mysqli_stmt::get_result()
{"time":"2026-08-26T21:03:14+05:30","level":"ERROR","request_id":"80f3f028ef674f73","message":"Lottery history storage failed; provider fallback returned","request":{"method":"GET","uri":"/draw-live-v4/index.php?lottery=D5&gameCode=D5_1M&history=1&ts=1787758393741","script":"/draw-live-v4/index.php"},"context":{"component":"saas_lottery_history","game_code":"D5_1M","phase":"cache_read_or_settlement","exception":"Error","error":"Call to undefined method mysqli_stmt::get_result()"}}
{"time":"2026-08-26T21:03:19+05:30","level":"WARNING","request_id":"ed4031bfcc400df2","message":"HTTP route not found","request":{"method":"POST","uri":"/cdn-cgi/rum","script":"/route-error.php"},"context":{"status":404,"original_uri":"/cdn-cgi/rum"}}
{"time":"2026-08-26T21:03:19+05:30","level":"CRITICAL","request_id":"ed4031bfcc400df2","message":"Uncaught exception","request":{"method":"POST","uri":"/cdn-cgi/rum","script":"/route-error.php"},"context":{"exception":"Error","error":"Call to undefined function str_contains()","file":"/home/utqgpyjt/shreewin.club9.eu.cc/route-error.php","line":21,"trace":[]}}
{"time":"2026-08-26T21:04:50+05:30","level":"WARNING","request_id":"9bcaed9d7406534b","message":"HTTP route not found","request":{"method":"POST","uri":"/cdn-cgi/rum","script":"/route-error.php"},"context":{"status":404,"original_uri":"/cdn-cgi/rum"}}
{"time":"2026-08-26T21:04:50+05:30","level":"CRITICAL","request_id":"9bcaed9d7406534b","message":"Uncaught exception","request":{"method":"POST","uri":"/cdn-cgi/rum","script":"/route-error.php"},"context":{"exception":"Error","error":"Call to undefined function str_contains()","file":"/home/utqgpyjt/shreewin.club9.eu.cc/route-error.php","line":21,"trace":[]}}
{"time":"2026-08-26T21:05:02+05:30","level":"WARNING","request_id":"eab3e334e81a3932","message":"HTTP route not found","request":{"method":"POST","uri":"/cdn-cgi/rum","script":"/route-error.php"},"context":{"status":404,"original_uri":"/cdn-cgi/rum"}}
{"time":"2026-08-26T21:05:02+05:30","level":"CRITICAL","request_id":"eab3e334e81a3932","message":"Uncaught exception","request":{"method":"POST","uri":"/cdn-cgi/rum","script":"/route-error.php"},"context":{"exception":"Error","error":"Call to undefined function str_contains()","file":"/home/utqgpyjt/shreewin.club9.eu.cc/route-error.php","line":21,"trace":[]}}
{"time":"2026-08-26T21:05:10+05:30","level":"ERROR","request_id":"f0ad872e806abf17","message":"PHP runtime error","request":{"method":"POST","uri":"/developer-maruf/api/webapi/GetCustomerServiceTypelist","script":"/developer-maruf/api/webapi/GetCustomerServiceTypelist.php"},"context":{"type":"E_WARNING","error":"Undefined array key 1","file":"/home/utqgpyjt/shreewin.club9.eu.cc/developer-maruf/api/webapi/GetCustomerServiceTypelist.php","line":32}}
{"time":"2026-08-26T21:05:12+05:30","level":"WARNING","request_id":"3f4456d14f60d221","message":"HTTP route not found","request":{"method":"POST","uri":"/cdn-cgi/rum","script":"/route-error.php"},"context":{"status":404,"original_uri":"/cdn-cgi/rum"}}
{"time":"2026-08-26T21:05:12+05:30","level":"CRITICAL","request_id":"3f4456d14f60d221","message":"Uncaught exception","request":{"method":"POST","uri":"/cdn-cgi/rum","script":"/route-error.php"},"context":{"exception":"Error","error":"Call to undefined function str_contains()","file":"/home/utqgpyjt/shreewin.club9.eu.cc/route-error.php","line":21,"trace":[]}}
{"time":"2026-08-26T21:05:14+05:30","level":"ERROR","request_id":"1f7e02bf6f5059d0","message":"PHP runtime error","request":{"method":"POST","uri":"/developer-maruf/api/webapi/GetCustomerServiceTypelist","script":"/developer-maruf/api/webapi/GetCustomerServiceTypelist.php"},"context":{"type":"E_WARNING","error":"Undefined array key 1","file":"/home/utqgpyjt/shreewin.club9.eu.cc/developer-maruf/api/webapi/GetCustomerServiceTypelist.php","line":32}}
{"time":"2026-08-26T21:05:24+05:30","level":"ERROR","request_id":"1aeff1a000dc9c97","message":"PHP runtime error","request":{"method":"POST","uri":"/developer-maruf/api/webapi/GetCustomerServiceTypelist","script":"/developer-maruf/api/webapi/GetCustomerServiceTypelist.php"},"context":{"type":"E_WARNING","error":"Undefined array key 1","file":"/home/utqgpyjt/shreewin.club9.eu.cc/developer-maruf/api/webapi/GetCustomerServiceTypelist.php","line":32}}
{"time":"2026-08-26T21:05:28+05:30","level":"WARNING","request_id":"1c66458a1096b4df","message":"HTTP route not found","request":{"method":"POST","uri":"/cdn-cgi/rum","script":"/route-error.php"},"context":{"status":404,"original_uri":"/cdn-cgi/rum"}}
{"time":"2026-08-26T21:05:28+05:30","level":"CRITICAL","request_id":"1c66458a1096b4df","message":"Uncaught exception","request":{"method":"POST","uri":"/cdn-cgi/rum","script":"/route-error.php"},"context":{"exception":"Error","error":"Call to undefined function str_contains()","file":"/home/utqgpyjt/shreewin.club9.eu.cc/route-error.php","line":21,"trace":[]}}
{"time":"2026-08-26T21:05:50+05:30","level":"WARNING","request_id":"342093a6c0a6a85e","message":"HTTP route not found","request":{"method":"GET","uri":"/favicon.ico","script":"/route-error.php"},"context":{"status":404,"original_uri":"/favicon.ico"}}
{"time":"2026-08-26T21:05:50+05:30","level":"CRITICAL","request_id":"342093a6c0a6a85e","message":"Uncaught exception","request":{"method":"GET","uri":"/favicon.ico","script":"/route-error.php"},"context":{"exception":"Error","error":"Call to undefined function str_contains()","file":"/home/utqgpyjt/shreewin.club9.eu.cc/route-error.php","line":21,"trace":[]}}
{"time":"2026-08-26T21:06:09+05:30","level":"WARNING","request_id":"52169c14667a0317","message":"HTTP route not found","request":{"method":"GET","uri":"/favicon.ico","script":"/route-error.php"},"context":{"status":404,"original_uri":"/favicon.ico"}}
{"time":"2026-08-26T21:06:09+05:30","level":"CRITICAL","request_id":"52169c14667a0317","message":"Uncaught exception","request":{"method":"GET","uri":"/favicon.ico","script":"/route-error.php"},"context":{"exception":"Error","error":"Call to undefined function str_contains()","file":"/home/utqgpyjt/shreewin.club9.eu.cc/route-error.php","line":21,"trace":[]}}
{"time":"2026-08-26T21:07:43+05:30","level":"WARNING","request_id":"f742dc709c9eabcb","message":"HTTP route not found","request":{"method":"POST","uri":"/cdn-cgi/rum","script":"/route-error.php"},"context":{"status":404,"original_uri":"/cdn-cgi/rum"}}
{"time":"2026-08-26T21:07:43+05:30","level":"CRITICAL","request_id":"f742dc709c9eabcb","message":"Uncaught exception","request":{"method":"POST","uri":"/cdn-cgi/rum","script":"/route-error.php"},"context":{"exception":"Error","error":"Call to undefined function str_contains()","file":"/home/utqgpyjt/shreewin.club9.eu.cc/route-error.php","line":21,"trace":[]}}
{"time":"2026-08-26T21:07:55+05:30","level":"WARNING","request_id":"fad4e52f01591182","message":"HTTP route not found","request":{"method":"POST","uri":"/cdn-cgi/rum","script":"/route-error.php"},"context":{"status":404,"original_uri":"/cdn-cgi/rum"}}
{"time":"2026-08-26T21:07:55+05:30","level":"CRITICAL","request_id":"fad4e52f01591182","message":"Uncaught exception","request":{"method":"POST","uri":"/cdn-cgi/rum","script":"/route-error.php"},"context":{"exception":"Error","error":"Call to undefined function str_contains()","file":"/home/utqgpyjt/shreewin.club9.eu.cc/route-error.php","line":21,"trace":[]}}
{"time":"2026-08-26T21:16:24+05:30","level":"WARNING","request_id":"afe491a3577c7f29","message":"HTTP route not found","request":{"method":"POST","uri":"/cdn-cgi/rum","script":"/route-error.php"},"context":{"status":404,"original_uri":"/cdn-cgi/rum"}}
{"time":"2026-08-26T21:16:24+05:30","level":"CRITICAL","request_id":"afe491a3577c7f29","message":"Uncaught exception","request":{"method":"POST","uri":"/cdn-cgi/rum","script":"/route-error.php"},"context":{"exception":"Error","error":"Call to undefined function str_contains()","file":"/home/utqgpyjt/shreewin.club9.eu.cc/route-error.php","line":21,"trace":[]}}
{"time":"2026-08-26T21:16:30+05:30","level":"WARNING","request_id":"d819e70f8ea1a96a","message":"HTTP route not found","request":{"method":"POST","uri":"/cdn-cgi/rum","script":"/route-error.php"},"context":{"status":404,"original_uri":"/cdn-cgi/rum"}}
{"time":"2026-08-26T21:16:30+05:30","level":"CRITICAL","request_id":"d819e70f8ea1a96a","message":"Uncaught exception","request":{"method":"POST","uri":"/cdn-cgi/rum","script":"/route-error.php"},"context":{"exception":"Error","error":"Call to undefined function str_contains()","file":"/home/utqgpyjt/shreewin.club9.eu.cc/route-error.php","line":21,"trace":[]}}
{"time":"2026-08-26T21:16:42+05:30","level":"WARNING","request_id":"82d364f374b5fef0","message":"HTTP route not found","request":{"method":"POST","uri":"/cdn-cgi/rum","script":"/route-error.php"},"context":{"status":404,"original_uri":"/cdn-cgi/rum"}}
{"time":"2026-08-26T21:16:42+05:30","level":"CRITICAL","request_id":"82d364f374b5fef0","message":"Uncaught exception","request":{"method":"POST","uri":"/cdn-cgi/rum","script":"/route-error.php"},"context":{"exception":"Error","error":"Call to undefined function str_contains()","file":"/home/utqgpyjt/shreewin.club9.eu.cc/route-error.php","line":21,"trace":[]}}
{"time":"2026-08-26T21:16:54+05:30","level":"WARNING","request_id":"1f52ad9a5242105a","message":"HTTP route not found","request":{"method":"POST","uri":"/cdn-cgi/rum","script":"/route-error.php"},"context":{"status":404,"original_uri":"/cdn-cgi/rum"}}
{"time":"2026-08-26T21:16:54+05:30","level":"CRITICAL","request_id":"1f52ad9a5242105a","message":"Uncaught exception","request":{"method":"POST","uri":"/cdn-cgi/rum","script":"/route-error.php"},"context":{"exception":"Error","error":"Call to undefined function str_contains()","file":"/home/utqgpyjt/shreewin.club9.eu.cc/route-error.php","line":21,"trace":[]}}
{"time":"2026-08-26T21:16:56+05:30","level":"WARNING","request_id":"a56e8eaf738a765e","message":"HTTP route not found","request":{"method":"POST","uri":"/cdn-cgi/rum","script":"/route-error.php"},"context":{"status":404,"original_uri":"/cdn-cgi/rum"}}
{"time":"2026-08-26T21:16:56+05:30","level":"CRITICAL","request_id":"a56e8eaf738a765e","message":"Uncaught exception","request":{"method":"POST","uri":"/cdn-cgi/rum","script":"/route-error.php"},"context":{"exception":"Error","error":"Call to undefined function str_contains()","file":"/home/utqgpyjt/shreewin.club9.eu.cc/route-error.php","line":21,"trace":[]}}
{"time":"2026-08-26T21:19:13+05:30","level":"WARNING","request_id":"df7abebc501b9cd7","message":"HTTP route not found","request":{"method":"GET","uri":"/assets/css/Record-DEx9JJGk.css","script":"/route-error.php"},"context":{"status":404,"original_uri":"/assets/css/Record-DEx9JJGk.css"}}
{"time":"2026-08-26T21:19:13+05:30","level":"CRITICAL","request_id":"df7abebc501b9cd7","message":"Uncaught exception","request":{"method":"GET","uri":"/assets/css/Record-DEx9JJGk.css","script":"/route-error.php"},"context":{"exception":"Error","error":"Call to undefined function str_contains()","file":"/home/utqgpyjt/shreewin.club9.eu.cc/route-error.php","line":21,"trace":[]}}
{"time":"2026-08-26T21:19:14+05:30","level":"WARNING","request_id":"f6485ee51764cf7d","message":"HTTP route not found","request":{"method":"GET","uri":"/favicon.ico","script":"/route-error.php"},"context":{"status":404,"original_uri":"/favicon.ico"}}
{"time":"2026-08-26T21:19:14+05:30","level":"CRITICAL","request_id":"f6485ee51764cf7d","message":"Uncaught exception","request":{"method":"GET","uri":"/favicon.ico","script":"/route-error.php"},"context":{"exception":"Error","error":"Call to undefined function str_contains()","file":"/home/utqgpyjt/shreewin.club9.eu.cc/route-error.php","line":21,"trace":[]}}
{"time":"2026-08-26T21:24:45+05:30","level":"WARNING","request_id":"09d953b086caa332","message":"HTTP route not found","request":{"method":"GET","uri":"/favicon.ico","script":"/route-error.php"},"context":{"status":404,"original_uri":"/favicon.ico"}}
{"time":"2026-08-26T21:24:45+05:30","level":"CRITICAL","request_id":"09d953b086caa332","message":"Uncaught exception","request":{"method":"GET","uri":"/favicon.ico","script":"/route-error.php"},"context":{"exception":"Error","error":"Call to undefined function str_contains()","file":"/home/utqgpyjt/shreewin.club9.eu.cc/route-error.php","line":21,"trace":[]}}
{"time":"2026-08-26T21:25:10+05:30","level":"WARNING","request_id":"3ad269ea1cdc7b93","message":"HTTP route not found","request":{"method":"POST","uri":"/cdn-cgi/rum","script":"/route-error.php"},"context":{"status":404,"original_uri":"/cdn-cgi/rum"}}
{"time":"2026-08-26T21:25:10+05:30","level":"CRITICAL","request_id":"3ad269ea1cdc7b93","message":"Uncaught exception","request":{"method":"POST","uri":"/cdn-cgi/rum","script":"/route-error.php"},"context":{"exception":"Error","error":"Call to undefined function str_contains()","file":"/home/utqgpyjt/shreewin.club9.eu.cc/route-error.php","line":21,"trace":[]}}
{"time":"2026-08-26T21:25:12+05:30","level":"WARNING","request_id":"31a6f3610de67682","message":"HTTP route not found","request":{"method":"POST","uri":"/cdn-cgi/rum","script":"/route-error.php"},"context":{"status":404,"original_uri":"/cdn-cgi/rum"}}
{"time":"2026-08-26T21:25:12+05:30","level":"CRITICAL","request_id":"31a6f3610de67682","message":"Uncaught exception","request":{"method":"POST","uri":"/cdn-cgi/rum","script":"/route-error.php"},"context":{"exception":"Error","error":"Call to undefined function str_contains()","file":"/home/utqgpyjt/shreewin.club9.eu.cc/route-error.php","line":21,"trace":[]}}
{"time":"2026-08-26T21:25:15+05:30","level":"WARNING","request_id":"c8536435da4ac016","message":"HTTP route not found","request":{"method":"POST","uri":"/cdn-cgi/rum","script":"/route-error.php"},"context":{"status":404,"original_uri":"/cdn-cgi/rum"}}
{"time":"2026-08-26T21:25:15+05:30","level":"CRITICAL","request_id":"c8536435da4ac016","message":"Uncaught exception","request":{"method":"POST","uri":"/cdn-cgi/rum","script":"/route-error.php"},"context":{"exception":"Error","error":"Call to undefined function str_contains()","file":"/home/utqgpyjt/shreewin.club9.eu.cc/route-error.php","line":21,"trace":[]}}
{"time":"2026-08-26T21:25:28+05:30","level":"WARNING","request_id":"1d447af629fa5acd","message":"HTTP route not found","request":{"method":"POST","uri":"/cdn-cgi/rum","script":"/route-error.php"},"context":{"status":404,"original_uri":"/cdn-cgi/rum"}}
{"time":"2026-08-26T21:25:28+05:30","level":"CRITICAL","request_id":"1d447af629fa5acd","message":"Uncaught exception","request":{"method":"POST","uri":"/cdn-cgi/rum","script":"/route-error.php"},"context":{"exception":"Error","error":"Call to undefined function str_contains()","file":"/home/utqgpyjt/shreewin.club9.eu.cc/route-error.php","line":21,"trace":[]}}
{"time":"2026-08-26T21:25:29+05:30","level":"WARNING","request_id":"a1e1d56d91685a76","message":"HTTP route not found","request":{"method":"POST","uri":"/cdn-cgi/rum","script":"/route-error.php"},"context":{"status":404,"original_uri":"/cdn-cgi/rum"}}
{"time":"2026-08-26T21:25:29+05:30","level":"CRITICAL","request_id":"a1e1d56d91685a76","message":"Uncaught exception","request":{"method":"POST","uri":"/cdn-cgi/rum","script":"/route-error.php"},"context":{"exception":"Error","error":"Call to undefined function str_contains()","file":"/home/utqgpyjt/shreewin.club9.eu.cc/route-error.php","line":21,"trace":[]}}
{"time":"2026-08-26T21:25:32+05:30","level":"WARNING","request_id":"915a384738dc1c39","message":"HTTP route not found","request":{"method":"POST","uri":"/cdn-cgi/rum","script":"/route-error.php"},"context":{"status":404,"original_uri":"/cdn-cgi/rum"}}
{"time":"2026-08-26T21:25:32+05:30","level":"CRITICAL","request_id":"915a384738dc1c39","message":"Uncaught exception","request":{"method":"POST","uri":"/cdn-cgi/rum","script":"/route-error.php"},"context":{"exception":"Error","error":"Call to undefined function str_contains()","file":"/home/utqgpyjt/shreewin.club9.eu.cc/route-error.php","line":21,"trace":[]}}
{"time":"2026-08-26T21:25:33+05:30","level":"WARNING","request_id":"06ef04d5f90f2cd5","message":"HTTP route not found","request":{"method":"POST","uri":"/cdn-cgi/rum","script":"/route-error.php"},"context":{"status":404,"original_uri":"/cdn-cgi/rum"}}
{"time":"2026-08-26T21:25:33+05:30","level":"CRITICAL","request_id":"06ef04d5f90f2cd5","message":"Uncaught exception","request":{"method":"POST","uri":"/cdn-cgi/rum","script":"/route-error.php"},"context":{"exception":"Error","error":"Call to undefined function str_contains()","file":"/home/utqgpyjt/shreewin.club9.eu.cc/route-error.php","line":21,"trace":[]}}
{"time":"2026-08-26T21:26:10+05:30","level":"WARNING","request_id":"5b20493baa3aefe6","message":"HTTP route not found","request":{"method":"POST","uri":"/cdn-cgi/rum","script":"/route-error.php"},"context":{"status":404,"original_uri":"/cdn-cgi/rum"}}
{"time":"2026-08-26T21:26:10+05:30","level":"CRITICAL","request_id":"5b20493baa3aefe6","message":"Uncaught exception","request":{"method":"POST","uri":"/cdn-cgi/rum","script":"/route-error.php"},"context":{"exception":"Error","error":"Call to undefined function str_contains()","file":"/home/utqgpyjt/shreewin.club9.eu.cc/route-error.php","line":21,"trace":[]}}
{"time":"2026-08-26T21:26:16+05:30","level":"WARNING","request_id":"87eb348c62e09abe","message":"HTTP route not found","request":{"method":"POST","uri":"/cdn-cgi/rum","script":"/route-error.php"},"context":{"status":404,"original_uri":"/cdn-cgi/rum"}}
{"time":"2026-08-26T21:26:16+05:30","level":"CRITICAL","request_id":"87eb348c62e09abe","message":"Uncaught exception","request":{"method":"POST","uri":"/cdn-cgi/rum","script":"/route-error.php"},"context":{"exception":"Error","error":"Call to undefined function str_contains()","file":"/home/utqgpyjt/shreewin.club9.eu.cc/route-error.php","line":21,"trace":[]}}
{"time":"2026-08-26T21:26:17+05:30","level":"WARNING","request_id":"b359abcc6842bc42","message":"HTTP route not found","request":{"method":"POST","uri":"/cdn-cgi/rum","script":"/route-error.php"},"context":{"status":404,"original_uri":"/cdn-cgi/rum"}}
{"time":"2026-08-26T21:26:17+05:30","level":"CRITICAL","request_id":"b359abcc6842bc42","message":"Uncaught exception","request":{"method":"POST","uri":"/cdn-cgi/rum","script":"/route-error.php"},"context":{"exception":"Error","error":"Call to undefined function str_contains()","file":"/home/utqgpyjt/shreewin.club9.eu.cc/route-error.php","line":21,"trace":[]}}
{"time":"2026-08-26T21:27:03+05:30","level":"WARNING","request_id":"946e74b7512b7385","message":"HTTP route not found","request":{"method":"POST","uri":"/cdn-cgi/rum","script":"/route-error.php"},"context":{"status":404,"original_uri":"/cdn-cgi/rum"}}
{"time":"2026-08-26T21:27:03+05:30","level":"CRITICAL","request_id":"946e74b7512b7385","message":"Uncaught exception","request":{"method":"POST","uri":"/cdn-cgi/rum","script":"/route-error.php"},"context":{"exception":"Error","error":"Call to undefined function str_contains()","file":"/home/utqgpyjt/shreewin.club9.eu.cc/route-error.php","line":21,"trace":[]}}
{"time":"2026-08-26T21:27:04+05:30","level":"WARNING","request_id":"e6b8a6bd91f7e30f","message":"HTTP route not found","request":{"method":"POST","uri":"/cdn-cgi/rum","script":"/route-error.php"},"context":{"status":404,"original_uri":"/cdn-cgi/rum"}}
{"time":"2026-08-26T21:27:04+05:30","level":"CRITICAL","request_id":"e6b8a6bd91f7e30f","message":"Uncaught exception","request":{"method":"POST","uri":"/cdn-cgi/rum","script":"/route-error.php"},"context":{"exception":"Error","error":"Call to undefined function str_contains()","file":"/home/utqgpyjt/shreewin.club9.eu.cc/route-error.php","line":21,"trace":[]}}
{"time":"2026-08-26T21:27:04+05:30","level":"WARNING","request_id":"695d8e0794aafe16","message":"HTTP route not found","request":{"method":"POST","uri":"/cdn-cgi/rum","script":"/route-error.php"},"context":{"status":404,"original_uri":"/cdn-cgi/rum"}}
{"time":"2026-08-26T21:27:04+05:30","level":"CRITICAL","request_id":"695d8e0794aafe16","message":"Uncaught exception","request":{"method":"POST","uri":"/cdn-cgi/rum","script":"/route-error.php"},"context":{"exception":"Error","error":"Call to undefined function str_contains()","file":"/home/utqgpyjt/shreewin.club9.eu.cc/route-error.php","line":21,"trace":[]}}
{"time":"2026-08-26T21:27:05+05:30","level":"WARNING","request_id":"fbffb0ef3b6fbb4e","message":"HTTP route not found","request":{"method":"POST","uri":"/cdn-cgi/rum","script":"/route-error.php"},"context":{"status":404,"original_uri":"/cdn-cgi/rum"}}
{"time":"2026-08-26T21:27:05+05:30","level":"CRITICAL","request_id":"fbffb0ef3b6fbb4e","message":"Uncaught exception","request":{"method":"POST","uri":"/cdn-cgi/rum","script":"/route-error.php"},"context":{"exception":"Error","error":"Call to undefined function str_contains()","file":"/home/utqgpyjt/shreewin.club9.eu.cc/route-error.php","line":21,"trace":[]}}
{"time":"2026-08-26T21:30:20+05:30","level":"WARNING","request_id":"6d7c4091407583e1","message":"HTTP route not found","request":{"method":"POST","uri":"/cdn-cgi/rum","script":"/route-error.php"},"context":{"status":404,"original_uri":"/cdn-cgi/rum"}}
{"time":"2026-08-26T21:30:20+05:30","level":"CRITICAL","request_id":"6d7c4091407583e1","message":"Uncaught exception","request":{"method":"POST","uri":"/cdn-cgi/rum","script":"/route-error.php"},"context":{"exception":"Error","error":"Call to undefined function str_contains()","file":"/home/utqgpyjt/shreewin.club9.eu.cc/route-error.php","line":21,"trace":[]}}
{"time":"2026-08-26T21:30:21+05:30","level":"WARNING","request_id":"f05e671c72b3570b","message":"HTTP route not found","request":{"method":"POST","uri":"/cdn-cgi/rum","script":"/route-error.php"},"context":{"status":404,"original_uri":"/cdn-cgi/rum"}}
{"time":"2026-08-26T21:30:21+05:30","level":"CRITICAL","request_id":"f05e671c72b3570b","message":"Uncaught exception","request":{"method":"POST","uri":"/cdn-cgi/rum","script":"/route-error.php"},"context":{"exception":"Error","error":"Call to undefined function str_contains()","file":"/home/utqgpyjt/shreewin.club9.eu.cc/route-error.php","line":21,"trace":[]}}
{"time":"2026-08-26T21:30:22+05:30","level":"WARNING","request_id":"7b6f5c34ef4d8624","message":"HTTP route not found","request":{"method":"POST","uri":"/cdn-cgi/rum","script":"/route-error.php"},"context":{"status":404,"original_uri":"/cdn-cgi/rum"}}
{"time":"2026-08-26T21:30:22+05:30","level":"CRITICAL","request_id":"7b6f5c34ef4d8624","message":"Uncaught exception","request":{"method":"POST","uri":"/cdn-cgi/rum","script":"/route-error.php"},"context":{"exception":"Error","error":"Call to undefined function str_contains()","file":"/home/utqgpyjt/shreewin.club9.eu.cc/route-error.php","line":21,"trace":[]}}
{"time":"2026-08-26T21:30:27+05:30","level":"WARNING","request_id":"62f8fbdc9655f002","message":"HTTP route not found","request":{"method":"POST","uri":"/cdn-cgi/rum","script":"/route-error.php"},"context":{"status":404,"original_uri":"/cdn-cgi/rum"}}
{"time":"2026-08-26T21:30:27+05:30","level":"CRITICAL","request_id":"62f8fbdc9655f002","message":"Uncaught exception","request":{"method":"POST","uri":"/cdn-cgi/rum","script":"/route-error.php"},"context":{"exception":"Error","error":"Call to undefined function str_contains()","file":"/home/utqgpyjt/shreewin.club9.eu.cc/route-error.php","line":21,"trace":[]}}
{"time":"2026-08-26T21:38:42+05:30","level":"ERROR","request_id":"b1eff9ec4e3c7d1a","message":"PHP runtime error","request":{"method":"POST","uri":"/developer-maruf/api/webapi/GetCustomerServiceTypelist","script":"/developer-maruf/api/webapi/GetCustomerServiceTypelist.php"},"context":{"type":"E_WARNING","error":"Undefined array key 1","file":"/home/utqgpyjt/shreewin.club9.eu.cc/developer-maruf/api/webapi/GetCustomerServiceTypelist.php","line":32}}
{"time":"2026-08-26T21:38:42+05:30","level":"WARNING","request_id":"a96c7ea7e0de881c","message":"HTTP route not found","request":{"method":"POST","uri":"/cdn-cgi/rum","script":"/route-error.php"},"context":{"status":404,"original_uri":"/cdn-cgi/rum"}}
{"time":"2026-08-26T21:38:42+05:30","level":"CRITICAL","request_id":"a96c7ea7e0de881c","message":"Uncaught exception","request":{"method":"POST","uri":"/cdn-cgi/rum","script":"/route-error.php"},"context":{"exception":"Error","error":"Call to undefined function str_contains()","file":"/home/utqgpyjt/shreewin.club9.eu.cc/route-error.php","line":21,"trace":[]}}
{"time":"2026-08-26T21:39:13+05:30","level":"WARNING","request_id":"8bbc9afd2520e19a","message":"HTTP route not found","request":{"method":"POST","uri":"/cdn-cgi/rum","script":"/route-error.php"},"context":{"status":404,"original_uri":"/cdn-cgi/rum"}}
{"time":"2026-08-26T21:39:13+05:30","level":"CRITICAL","request_id":"8bbc9afd2520e19a","message":"Uncaught exception","request":{"method":"POST","uri":"/cdn-cgi/rum","script":"/route-error.php"},"context":{"exception":"Error","error":"Call to undefined function str_contains()","file":"/home/utqgpyjt/shreewin.club9.eu.cc/route-error.php","line":21,"trace":[]}}
{"time":"2026-08-26T21:39:25+05:30","level":"WARNING","request_id":"c3e439a99431329a","message":"HTTP route not found","request":{"method":"GET","uri":"/favicon.ico","script":"/route-error.php"},"context":{"status":404,"original_uri":"/favicon.ico"}}
{"time":"2026-08-26T21:39:25+05:30","level":"CRITICAL","request_id":"c3e439a99431329a","message":"Uncaught exception","request":{"method":"GET","uri":"/favicon.ico","script":"/route-error.php"},"context":{"exception":"Error","error":"Call to undefined function str_contains()","file":"/home/utqgpyjt/shreewin.club9.eu.cc/route-error.php","line":21,"trace":[]}}
{"time":"2026-08-26T21:49:48+05:30","level":"WARNING","request_id":"8a9a1a293f8154cb","message":"HTTP route not found","request":{"method":"POST","uri":"/cdn-cgi/rum","script":"/route-error.php"},"context":{"status":404,"original_uri":"/cdn-cgi/rum"}}
{"time":"2026-08-26T21:49:48+05:30","level":"CRITICAL","request_id":"8a9a1a293f8154cb","message":"Uncaught exception","request":{"method":"POST","uri":"/cdn-cgi/rum","script":"/route-error.php"},"context":{"exception":"Error","error":"Call to undefined function str_contains()","file":"/home/utqgpyjt/shreewin.club9.eu.cc/route-error.php","line":21,"trace":[]}}
{"time":"2026-08-26T21:49:50+05:30","level":"ERROR","request_id":"684b42bdfb79f7be","message":"PHP runtime error","request":{"method":"POST","uri":"/developer-maruf/api/webapi/GetCustomerServiceTypelist","script":"/developer-maruf/api/webapi/GetCustomerServiceTypelist.php"},"context":{"type":"E_WARNING","error":"Undefined array key 1","file":"/home/utqgpyjt/shreewin.club9.eu.cc/developer-maruf/api/webapi/GetCustomerServiceTypelist.php","line":32}}
{"time":"2026-08-26T21:50:13+05:30","level":"ERROR","request_id":"8a8e9c00aad7c3c3","message":"PHP runtime error","request":{"method":"POST","uri":"/developer-maruf/api/webapi/GetCustomerServiceTypelist","script":"/developer-maruf/api/webapi/GetCustomerServiceTypelist.php"},"context":{"type":"E_WARNING","error":"Undefined array key 1","file":"/home/utqgpyjt/shreewin.club9.eu.cc/developer-maruf/api/webapi/GetCustomerServiceTypelist.php","line":32}}
{"time":"2026-08-26T21:51:54+05:30","level":"WARNING","request_id":"bbcfb127ed5950e7","message":"HTTP route not found","request":{"method":"POST","uri":"/cdn-cgi/rum","script":"/route-error.php"},"context":{"status":404,"original_uri":"/cdn-cgi/rum"}}
{"time":"2026-08-26T21:51:54+05:30","level":"CRITICAL","request_id":"bbcfb127ed5950e7","message":"Uncaught exception","request":{"method":"POST","uri":"/cdn-cgi/rum","script":"/route-error.php"},"context":{"exception":"Error","error":"Call to undefined function str_contains()","file":"/home/utqgpyjt/shreewin.club9.eu.cc/route-error.php","line":21,"trace":[]}}
[26-Aug-2026 21:52:03 Asia/Kolkata] [saas-lottery period override check] Call to undefined method mysqli_stmt::get_result()
{"time":"2026-08-26T21:52:03+05:30","level":"ERROR","request_id":"052cd2e042f78e35","message":"Lottery history storage failed; provider fallback returned","request":{"method":"GET","uri":"/draw-live-v4/index.php?lottery=WinGo&gameCode=WinGo_30S&history=1&ts=1787761322270","script":"/draw-live-v4/index.php"},"context":{"component":"saas_lottery_history","game_code":"WinGo_30S","phase":"cache_read_or_settlement","exception":"Error","error":"Call to undefined method mysqli_stmt::get_result()"}}
[26-Aug-2026 21:52:08 Asia/Kolkata] [daman-saas-lottery-live-v4] Call to undefined method mysqli_stmt::get_result()
[26-Aug-2026 21:52:13 Asia/Kolkata] [daman-saas-lottery-live-v4] Call to undefined method mysqli_stmt::get_result()
[26-Aug-2026 21:52:16 Asia/Kolkata] [daman-saas-lottery-live-v4] Call to undefined method mysqli_stmt::get_result()
[26-Aug-2026 21:52:20 Asia/Kolkata] [daman-saas-lottery-live-v4] Call to undefined method mysqli_stmt::get_result()
[26-Aug-2026 21:52:23 Asia/Kolkata] [saas-lottery period override check] Call to undefined method mysqli_stmt::get_result()
{"time":"2026-08-26T21:52:23+05:30","level":"ERROR","request_id":"c97f26e2b29e89c2","message":"Lottery history storage failed; provider fallback returned","request":{"method":"GET","uri":"/draw-live-v4/index.php?lottery=WinGo&gameCode=WinGo_1M&history=1&ts=1787761341285","script":"/draw-live-v4/index.php"},"context":{"component":"saas_lottery_history","game_code":"WinGo_1M","phase":"cache_read_or_settlement","exception":"Error","error":"Call to undefined method mysqli_stmt::get_result()"}}
[26-Aug-2026 21:52:27 Asia/Kolkata] [daman-saas-lottery-live-v4] Call to undefined method mysqli_stmt::get_result()
[26-Aug-2026 21:52:28 Asia/Kolkata] [daman-saas-lottery-live-v4] Call to undefined method mysqli_stmt::get_result()
[26-Aug-2026 21:52:32 Asia/Kolkata] [saas-lottery period override check] Call to undefined method mysqli_stmt::get_result()
[26-Aug-2026 21:52:32 Asia/Kolkata] [daman-saas-lottery-live-v4] Call to undefined method mysqli_stmt::get_result()
{"time":"2026-08-26T21:53:08+05:30","level":"WARNING","request_id":"46c079a34abe282d","message":"HTTP route not found","request":{"method":"POST","uri":"/cdn-cgi/rum","script":"/route-error.php"},"context":{"status":404,"original_uri":"/cdn-cgi/rum"}}
{"time":"2026-08-26T21:53:08+05:30","level":"CRITICAL","request_id":"46c079a34abe282d","message":"Uncaught exception","request":{"method":"POST","uri":"/cdn-cgi/rum","script":"/route-error.php"},"context":{"exception":"Error","error":"Call to undefined function str_contains()","file":"/home/utqgpyjt/shreewin.club9.eu.cc/route-error.php","line":21,"trace":[]}}
[26-Aug-2026 21:53:10 Asia/Kolkata] [saas-lottery period override check] Call to undefined method mysqli_stmt::get_result()
{"time":"2026-08-26T21:53:10+05:30","level":"ERROR","request_id":"0d0f50bf79a3e644","message":"Lottery history storage failed; provider fallback returned","request":{"method":"GET","uri":"/draw-live-v4/index.php?lottery=WinGo&gameCode=WinGo_30S&history=1&ts=1787761388678","script":"/draw-live-v4/index.php"},"context":{"component":"saas_lottery_history","game_code":"WinGo_30S","phase":"cache_read_or_settlement","exception":"Error","error":"Call to undefined method mysqli_stmt::get_result()"}}
[26-Aug-2026 21:53:29 Asia/Kolkata] [saas-lottery period override check] Call to undefined method mysqli_stmt::get_result()
{"time":"2026-08-26T21:53:29+05:30","level":"ERROR","request_id":"214acc7ab7b67c13","message":"Lottery history storage failed; provider fallback returned","request":{"method":"GET","uri":"/draw-live-v4/index.php?lottery=WinGo&gameCode=WinGo_30S&history=1&ts=1787761408479","script":"/draw-live-v4/index.php"},"context":{"component":"saas_lottery_history","game_code":"WinGo_30S","phase":"cache_read_or_settlement","exception":"Error","error":"Call to undefined method mysqli_stmt::get_result()"}}
[26-Aug-2026 21:53:32 Asia/Kolkata] [daman-saas-lottery-live-v4] Call to undefined method mysqli_stmt::get_result()
[26-Aug-2026 21:53:36 Asia/Kolkata] [daman-saas-lottery-live-v4] Call to undefined method mysqli_stmt::get_result()
[26-Aug-2026 21:53:36 Asia/Kolkata] [daman-saas-lottery-live-v4] Call to undefined method mysqli_stmt::get_result()
[26-Aug-2026 21:53:39 Asia/Kolkata] [daman-saas-lottery-live-v4] Call to undefined method mysqli_stmt::get_result()
[26-Aug-2026 21:53:39 Asia/Kolkata] [daman-saas-lottery-live-v4] Call to undefined method mysqli_stmt::get_result()
{"time":"2026-08-26T21:53:50+05:30","level":"WARNING","request_id":"117dc48f4e41412f","message":"HTTP route not found","request":{"method":"POST","uri":"/cdn-cgi/rum","script":"/route-error.php"},"context":{"status":404,"original_uri":"/cdn-cgi/rum"}}
{"time":"2026-08-26T21:53:50+05:30","level":"CRITICAL","request_id":"117dc48f4e41412f","message":"Uncaught exception","request":{"method":"POST","uri":"/cdn-cgi/rum","script":"/route-error.php"},"context":{"exception":"Error","error":"Call to undefined function str_contains()","file":"/home/utqgpyjt/shreewin.club9.eu.cc/route-error.php","line":21,"trace":[]}}
[26-Aug-2026 21:53:52 Asia/Kolkata] [saas-lottery period override check] Call to undefined method mysqli_stmt::get_result()
{"time":"2026-08-26T21:53:52+05:30","level":"ERROR","request_id":"8ba1c05318ae772b","message":"Lottery history storage failed; provider fallback returned","request":{"method":"GET","uri":"/draw-live-v4/index.php?lottery=WinGo&gameCode=WinGo_30S&history=1&ts=1787761430285","script":"/draw-live-v4/index.php"},"context":{"component":"saas_lottery_history","game_code":"WinGo_30S","phase":"cache_read_or_settlement","exception":"Error","error":"Call to undefined method mysqli_stmt::get_result()"}}
[26-Aug-2026 21:54:00 Asia/Kolkata] [saas-lottery period override check] Call to undefined method mysqli_stmt::get_result()
{"time":"2026-08-26T21:54:00+05:30","level":"ERROR","request_id":"48491adf2338d17b","message":"Lottery history storage failed; provider fallback returned","request":{"method":"GET","uri":"/draw-live-v4/index.php?lottery=WinGo&gameCode=WinGo_30S&history=1&ts=1787761437915","script":"/draw-live-v4/index.php"},"context":{"component":"saas_lottery_history","game_code":"WinGo_30S","phase":"cache_read_or_settlement","exception":"Error","error":"Call to undefined method mysqli_stmt::get_result()"}}
[26-Aug-2026 21:54:16 Asia/Kolkata] [daman-saas-lottery-live-v4] Call to undefined method mysqli_stmt::get_result()
[26-Aug-2026 21:54:23 Asia/Kolkata] [saas-lottery period override check] Call to undefined method mysqli_stmt::get_result()
{"time":"2026-08-26T21:54:23+05:30","level":"ERROR","request_id":"bf0fa086de4e573e","message":"Lottery history storage failed; provider fallback returned","request":{"method":"GET","uri":"/draw-live-v4/index.php?lottery=WinGo&gameCode=WinGo_3M&history=1&ts=1787761461685","script":"/draw-live-v4/index.php"},"context":{"component":"saas_lottery_history","game_code":"WinGo_3M","phase":"cache_read_or_settlement","exception":"Error","error":"Call to undefined method mysqli_stmt::get_result()"}}
[26-Aug-2026 21:54:28 Asia/Kolkata] [daman-saas-lottery-live-v4] Call to undefined method mysqli_stmt::get_result()
[26-Aug-2026 21:54:42 Asia/Kolkata] [daman-saas-lottery-live-v4] Call to undefined method mysqli_stmt::get_result()
{"time":"2026-08-26T21:54:43+05:30","level":"WARNING","request_id":"6781eaa817192658","message":"HTTP route not found","request":{"method":"POST","uri":"/cdn-cgi/rum","script":"/route-error.php"},"context":{"status":404,"original_uri":"/cdn-cgi/rum"}}
{"time":"2026-08-26T21:54:43+05:30","level":"CRITICAL","request_id":"6781eaa817192658","message":"Uncaught exception","request":{"method":"POST","uri":"/cdn-cgi/rum","script":"/route-error.php"},"context":{"exception":"Error","error":"Call to undefined function str_contains()","file":"/home/utqgpyjt/shreewin.club9.eu.cc/route-error.php","line":21,"trace":[]}}
[26-Aug-2026 21:54:56 Asia/Kolkata] [saas-lottery period override check] Call to undefined method mysqli_stmt::get_result()
{"time":"2026-08-26T21:54:56+05:30","level":"ERROR","request_id":"5c8a54b61105dd93","message":"Lottery history storage failed; provider fallback returned","request":{"method":"GET","uri":"/draw-live-v4/index.php?lottery=WinGo&gameCode=WinGo_30S&history=1&ts=1787761495074","script":"/draw-live-v4/index.php"},"context":{"component":"saas_lottery_history","game_code":"WinGo_30S","phase":"cache_read_or_settlement","exception":"Error","error":"Call to undefined method mysqli_stmt::get_result()"}}
[26-Aug-2026 21:55:00 Asia/Kolkata] [saas-lottery period override check] Call to undefined method mysqli_stmt::get_result()
{"time":"2026-08-26T21:55:00+05:30","level":"ERROR","request_id":"91836bd68398607c","message":"Lottery history storage failed; provider fallback returned","request":{"method":"GET","uri":"/draw-live-v4/index.php?lottery=WinGo&gameCode=WinGo_30S&history=1&ts=1787761498874","script":"/draw-live-v4/index.php"},"context":{"component":"saas_lottery_history","game_code":"WinGo_30S","phase":"cache_read_or_settlement","exception":"Error","error":"Call to undefined method mysqli_stmt::get_result()"}}
{"time":"2026-08-26T21:55:08+05:30","level":"WARNING","request_id":"2f5eecfd37711e68","message":"HTTP route not found","request":{"method":"POST","uri":"/cdn-cgi/rum","script":"/route-error.php"},"context":{"status":404,"original_uri":"/cdn-cgi/rum"}}
{"time":"2026-08-26T21:55:08+05:30","level":"CRITICAL","request_id":"2f5eecfd37711e68","message":"Uncaught exception","request":{"method":"POST","uri":"/cdn-cgi/rum","script":"/route-error.php"},"context":{"exception":"Error","error":"Call to undefined function str_contains()","file":"/home/utqgpyjt/shreewin.club9.eu.cc/route-error.php","line":21,"trace":[]}}
{"time":"2026-08-26T21:55:10+05:30","level":"ERROR","request_id":"1133ee927e35d684","message":"PHP runtime error","request":{"method":"POST","uri":"/developer-maruf/api/webapi/GetVipUsers","script":"/developer-maruf/api/webapi/GetVipUsers.php"},"context":{"type":"E_WARNING","error":"Trying to access array offset on value of type null","file":"/home/utqgpyjt/shreewin.club9.eu.cc/developer-maruf/api/webapi/GetVipUsers.php","line":49}}
{"time":"2026-08-26T21:55:10+05:30","level":"ERROR","request_id":"1133ee927e35d684","message":"PHP runtime error","request":{"method":"POST","uri":"/developer-maruf/api/webapi/GetVipUsers","script":"/developer-maruf/api/webapi/GetVipUsers.php"},"context":{"type":"E_WARNING","error":"Trying to access array offset on value of type null","file":"/home/utqgpyjt/shreewin.club9.eu.cc/developer-maruf/api/webapi/GetVipUsers.php","line":51}}
{"time":"2026-08-26T21:55:16+05:30","level":"ERROR","request_id":"a6fddd8334fcd0c5","message":"PHP runtime error","request":{"method":"POST","uri":"/developer-maruf/api/webapi/GetVipUsers","script":"/developer-maruf/api/webapi/GetVipUsers.php"},"context":{"type":"E_WARNING","error":"Trying to access array offset on value of type null","file":"/home/utqgpyjt/shreewin.club9.eu.cc/developer-maruf/api/webapi/GetVipUsers.php","line":49}}
{"time":"2026-08-26T21:55:16+05:30","level":"ERROR","request_id":"a6fddd8334fcd0c5","message":"PHP runtime error","request":{"method":"POST","uri":"/developer-maruf/api/webapi/GetVipUsers","script":"/developer-maruf/api/webapi/GetVipUsers.php"},"context":{"type":"E_WARNING","error":"Trying to access array offset on value of type null","file":"/home/utqgpyjt/shreewin.club9.eu.cc/developer-maruf/api/webapi/GetVipUsers.php","line":51}}
{"time":"2026-08-26T22:14:47+05:30","level":"WARNING","request_id":"fe4433ea7bcc59f8","message":"HTTP route not found","request":{"method":"POST","uri":"/cdn-cgi/rum","script":"/route-error.php"},"context":{"status":404,"original_uri":"/cdn-cgi/rum"}}
{"time":"2026-08-26T22:14:47+05:30","level":"CRITICAL","request_id":"fe4433ea7bcc59f8","message":"Uncaught exception","request":{"method":"POST","uri":"/cdn-cgi/rum","script":"/route-error.php"},"context":{"exception":"Error","error":"Call to undefined function str_contains()","file":"/home/utqgpyjt/shreewin.club9.eu.cc/route-error.php","line":21,"trace":[]}}
{"time":"2026-08-26T22:14:54+05:30","level":"WARNING","request_id":"0dbcef4d22013f62","message":"HTTP route not found","request":{"method":"GET","uri":"/favicon.ico","script":"/route-error.php"},"context":{"status":404,"original_uri":"/favicon.ico"}}
{"time":"2026-08-26T22:14:54+05:30","level":"CRITICAL","request_id":"0dbcef4d22013f62","message":"Uncaught exception","request":{"method":"GET","uri":"/favicon.ico","script":"/route-error.php"},"context":{"exception":"Error","error":"Call to undefined function str_contains()","file":"/home/utqgpyjt/shreewin.club9.eu.cc/route-error.php","line":21,"trace":[]}}
{"time":"2026-08-26T22:23:27+05:30","level":"ERROR","request_id":"54f9dfbbb0841544","message":"PHP runtime error","request":{"method":"POST","uri":"/developer-maruf/api/webapi/GetCustomerServiceTypelist","script":"/developer-maruf/api/webapi/GetCustomerServiceTypelist.php"},"context":{"type":"E_WARNING","error":"Undefined array key 1","file":"/home/utqgpyjt/shreewin.club9.eu.cc/developer-maruf/api/webapi/GetCustomerServiceTypelist.php","line":32}}
{"time":"2026-08-26T22:23:27+05:30","level":"WARNING","request_id":"6c2c02bac671c5dd","message":"HTTP route not found","request":{"method":"POST","uri":"/cdn-cgi/rum","script":"/route-error.php"},"context":{"status":404,"original_uri":"/cdn-cgi/rum"}}
{"time":"2026-08-26T22:23:27+05:30","level":"CRITICAL","request_id":"6c2c02bac671c5dd","message":"Uncaught exception","request":{"method":"POST","uri":"/cdn-cgi/rum","script":"/route-error.php"},"context":{"exception":"Error","error":"Call to undefined function str_contains()","file":"/home/utqgpyjt/shreewin.club9.eu.cc/route-error.php","line":21,"trace":[]}}
{"time":"2026-08-26T22:23:53+05:30","level":"ERROR","request_id":"30f3ce215d273188","message":"PHP runtime error","request":{"method":"POST","uri":"/developer-maruf/api/webapi/GetVipUsers","script":"/developer-maruf/api/webapi/GetVipUsers.php"},"context":{"type":"E_WARNING","error":"Trying to access array offset on value of type null","file":"/home/utqgpyjt/shreewin.club9.eu.cc/developer-maruf/api/webapi/GetVipUsers.php","line":49}}
{"time":"2026-08-26T22:23:53+05:30","level":"ERROR","request_id":"30f3ce215d273188","message":"PHP runtime error","request":{"method":"POST","uri":"/developer-maruf/api/webapi/GetVipUsers","script":"/developer-maruf/api/webapi/GetVipUsers.php"},"context":{"type":"E_WARNING","error":"Trying to access array offset on value of type null","file":"/home/utqgpyjt/shreewin.club9.eu.cc/developer-maruf/api/webapi/GetVipUsers.php","line":51}}
{"time":"2026-08-26T22:24:05+05:30","level":"INFO","request_id":"cac14846e1e1d8d7","message":"Recharge payment redirect created","request":{"method":"POST","uri":"/developer-maruf/api/webapi/CreateThirdRechargeOrderV3.php","script":"/developer-maruf/api/webapi/CreateThirdRechargeOrderV3.php"},"context":{"pay_id":13,"pay_type_id":2191,"amount":3000,"target":"/pay/wepay.php"}}
{"time":"2026-08-26T22:24:06+05:30","level":"WARNING","request_id":"a971149a898fa03d","message":"HTTP route not found","request":{"method":"POST","uri":"/cdn-cgi/rum","script":"/route-error.php"},"context":{"status":404,"original_uri":"/cdn-cgi/rum"}}
{"time":"2026-08-26T22:24:06+05:30","level":"CRITICAL","request_id":"a971149a898fa03d","message":"Uncaught exception","request":{"method":"POST","uri":"/cdn-cgi/rum","script":"/route-error.php"},"context":{"exception":"Error","error":"Call to undefined function str_contains()","file":"/home/utqgpyjt/shreewin.club9.eu.cc/route-error.php","line":21,"trace":[]}}
{"time":"2026-08-26T22:24:09+05:30","level":"WARNING","request_id":"ed164e553642ef42","message":"HTTP route not found","request":{"method":"GET","uri":"/favicon.ico","script":"/route-error.php"},"context":{"status":404,"original_uri":"/favicon.ico"}}
{"time":"2026-08-26T22:24:09+05:30","level":"CRITICAL","request_id":"ed164e553642ef42","message":"Uncaught exception","request":{"method":"GET","uri":"/favicon.ico","script":"/route-error.php"},"context":{"exception":"Error","error":"Call to undefined function str_contains()","file":"/home/utqgpyjt/shreewin.club9.eu.cc/route-error.php","line":21,"trace":[]}}
{"time":"2026-08-26T22:24:17+05:30","level":"ERROR","request_id":"cfc07a721f83dcd1","message":"PHP runtime error","request":{"method":"POST","uri":"/developer-maruf/api/webapi/GetVipUsers","script":"/developer-maruf/api/webapi/GetVipUsers.php"},"context":{"type":"E_WARNING","error":"Trying to access array offset on value of type null","file":"/home/utqgpyjt/shreewin.club9.eu.cc/developer-maruf/api/webapi/GetVipUsers.php","line":49}}
{"time":"2026-08-26T22:24:17+05:30","level":"ERROR","request_id":"cfc07a721f83dcd1","message":"PHP runtime error","request":{"method":"POST","uri":"/developer-maruf/api/webapi/GetVipUsers","script":"/developer-maruf/api/webapi/GetVipUsers.php"},"context":{"type":"E_WARNING","error":"Trying to access array offset on value of type null","file":"/home/utqgpyjt/shreewin.club9.eu.cc/developer-maruf/api/webapi/GetVipUsers.php","line":51}}
{"time":"2026-08-26T22:24:18+05:30","level":"WARNING","request_id":"2c5179d4a4b834e1","message":"HTTP route not found","request":{"method":"POST","uri":"/cdn-cgi/rum","script":"/route-error.php"},"context":{"status":404,"original_uri":"/cdn-cgi/rum"}}
{"time":"2026-08-26T22:24:18+05:30","level":"CRITICAL","request_id":"2c5179d4a4b834e1","message":"Uncaught exception","request":{"method":"POST","uri":"/cdn-cgi/rum","script":"/route-error.php"},"context":{"exception":"Error","error":"Call to undefined function str_contains()","file":"/home/utqgpyjt/shreewin.club9.eu.cc/route-error.php","line":21,"trace":[]}}
{"time":"2026-08-26T22:24:21+05:30","level":"WARNING","request_id":"bc9f2d382d3e6729","message":"HTTP route not found","request":{"method":"POST","uri":"/cdn-cgi/rum","script":"/route-error.php"},"context":{"status":404,"original_uri":"/cdn-cgi/rum"}}
{"time":"2026-08-26T22:24:21+05:30","level":"CRITICAL","request_id":"bc9f2d382d3e6729","message":"Uncaught exception","request":{"method":"POST","uri":"/cdn-cgi/rum","script":"/route-error.php"},"context":{"exception":"Error","error":"Call to undefined function str_contains()","file":"/home/utqgpyjt/shreewin.club9.eu.cc/route-error.php","line":21,"trace":[]}}
{"time":"2026-08-26T22:25:00+05:30","level":"WARNING","request_id":"aac2a89437ce921e","message":"HTTP route not found","request":{"method":"POST","uri":"/cdn-cgi/rum","script":"/route-error.php"},"context":{"status":404,"original_uri":"/cdn-cgi/rum"}}
{"time":"2026-08-26T22:25:00+05:30","level":"CRITICAL","request_id":"aac2a89437ce921e","message":"Uncaught exception","request":{"method":"POST","uri":"/cdn-cgi/rum","script":"/route-error.php"},"context":{"exception":"Error","error":"Call to undefined function str_contains()","file":"/home/utqgpyjt/shreewin.club9.eu.cc/route-error.php","line":21,"trace":[]}}
{"time":"2026-08-26T22:40:02+05:30","level":"WARNING","request_id":"b377b4ab7473bd50","message":"HTTP route not found","request":{"method":"POST","uri":"/cdn-cgi/rum","script":"/route-error.php"},"context":{"status":404,"original_uri":"/cdn-cgi/rum"}}
{"time":"2026-08-26T22:40:02+05:30","level":"CRITICAL","request_id":"b377b4ab7473bd50","message":"Uncaught exception","request":{"method":"POST","uri":"/cdn-cgi/rum","script":"/route-error.php"},"context":{"exception":"Error","error":"Call to undefined function str_contains()","file":"/home/utqgpyjt/shreewin.club9.eu.cc/route-error.php","line":21,"trace":[]}}
{"time":"2026-08-26T22:40:06+05:30","level":"INFO","request_id":"69995bb48622d8b4","message":"Recharge payment redirect created","request":{"method":"POST","uri":"/developer-maruf/api/webapi/CreateThirdRechargeOrderV3.php","script":"/developer-maruf/api/webapi/CreateThirdRechargeOrderV3.php"},"context":{"pay_id":13,"pay_type_id":2191,"amount":3000,"target":"/pay/wepay.php"}}
{"time":"2026-08-26T22:40:07+05:30","level":"WARNING","request_id":"eff1af7737a6531c","message":"HTTP route not found","request":{"method":"POST","uri":"/cdn-cgi/rum","script":"/route-error.php"},"context":{"status":404,"original_uri":"/cdn-cgi/rum"}}
{"time":"2026-08-26T22:40:07+05:30","level":"CRITICAL","request_id":"eff1af7737a6531c","message":"Uncaught exception","request":{"method":"POST","uri":"/cdn-cgi/rum","script":"/route-error.php"},"context":{"exception":"Error","error":"Call to undefined function str_contains()","file":"/home/utqgpyjt/shreewin.club9.eu.cc/route-error.php","line":21,"trace":[]}}
{"time":"2026-08-26T22:40:09+05:30","level":"WARNING","request_id":"12455c5770f27f8e","message":"HTTP route not found","request":{"method":"GET","uri":"/favicon.ico","script":"/route-error.php"},"context":{"status":404,"original_uri":"/favicon.ico"}}
{"time":"2026-08-26T22:40:09+05:30","level":"CRITICAL","request_id":"12455c5770f27f8e","message":"Uncaught exception","request":{"method":"GET","uri":"/favicon.ico","script":"/route-error.php"},"context":{"exception":"Error","error":"Call to undefined function str_contains()","file":"/home/utqgpyjt/shreewin.club9.eu.cc/route-error.php","line":21,"trace":[]}}
{"time":"2026-08-26T22:40:22+05:30","level":"WARNING","request_id":"3690e2bd96cb96fd","message":"HTTP route not found","request":{"method":"POST","uri":"/cdn-cgi/rum","script":"/route-error.php"},"context":{"status":404,"original_uri":"/cdn-cgi/rum"}}
{"time":"2026-08-26T22:40:22+05:30","level":"CRITICAL","request_id":"3690e2bd96cb96fd","message":"Uncaught exception","request":{"method":"POST","uri":"/cdn-cgi/rum","script":"/route-error.php"},"context":{"exception":"Error","error":"Call to undefined function str_contains()","file":"/home/utqgpyjt/shreewin.club9.eu.cc/route-error.php","line":21,"trace":[]}}
{"time":"2026-08-26T22:40:22+05:30","level":"ERROR","request_id":"acfb80b245353c05","message":"PHP runtime error","request":{"method":"POST","uri":"/developer-maruf/api/webapi/GetVipUsers","script":"/developer-maruf/api/webapi/GetVipUsers.php"},"context":{"type":"E_WARNING","error":"Trying to access array offset on value of type null","file":"/home/utqgpyjt/shreewin.club9.eu.cc/developer-maruf/api/webapi/GetVipUsers.php","line":49}}
{"time":"2026-08-26T22:40:22+05:30","level":"ERROR","request_id":"acfb80b245353c05","message":"PHP runtime error","request":{"method":"POST","uri":"/developer-maruf/api/webapi/GetVipUsers","script":"/developer-maruf/api/webapi/GetVipUsers.php"},"context":{"type":"E_WARNING","error":"Trying to access array offset on value of type null","file":"/home/utqgpyjt/shreewin.club9.eu.cc/developer-maruf/api/webapi/GetVipUsers.php","line":51}}
[26-Aug-2026 22:40:41 Asia/Kolkata] [saas-lottery period override check] Call to undefined method mysqli_stmt::get_result()
{"time":"2026-08-26T22:40:41+05:30","level":"ERROR","request_id":"4a36689f0613f0e7","message":"Lottery history storage failed; provider fallback returned","request":{"method":"GET","uri":"/draw-live-v4/index.php?lottery=WinGo&gameCode=WinGo_30S&history=1&ts=1787764241183","script":"/draw-live-v4/index.php"},"context":{"component":"saas_lottery_history","game_code":"WinGo_30S","phase":"cache_read_or_settlement","exception":"Error","error":"Call to undefined method mysqli_stmt::get_result()"}}
[26-Aug-2026 22:40:47 Asia/Kolkata] [daman-saas-lottery-live-v4] Call to undefined method mysqli_stmt::get_result()
[26-Aug-2026 22:40:50 Asia/Kolkata] [daman-saas-lottery-live-v4] Call to undefined method mysqli_stmt::get_result()
[26-Aug-2026 22:40:50 Asia/Kolkata] [daman-saas-lottery-live-v4] Call to undefined method mysqli_stmt::get_result()
{"time":"2026-08-26T22:40:54+05:30","level":"WARNING","request_id":"48facd9d520e41ed","message":"HTTP route not found","request":{"method":"POST","uri":"/cdn-cgi/rum","script":"/route-error.php"},"context":{"status":404,"original_uri":"/cdn-cgi/rum"}}
{"time":"2026-08-26T22:40:54+05:30","level":"CRITICAL","request_id":"48facd9d520e41ed","message":"Uncaught exception","request":{"method":"POST","uri":"/cdn-cgi/rum","script":"/route-error.php"},"context":{"exception":"Error","error":"Call to undefined function str_contains()","file":"/home/utqgpyjt/shreewin.club9.eu.cc/route-error.php","line":21,"trace":[]}}
{"time":"2026-08-27T00:36:04+05:30","level":"ERROR","request_id":"0536623902f64155","message":"PHP runtime error","request":{"method":"POST","uri":"/developer-maruf/api/webapi/GetCustomerServiceTypelist","script":"/developer-maruf/api/webapi/GetCustomerServiceTypelist.php"},"context":{"type":"E_WARNING","error":"Undefined array key 1","file":"/home/shreewintrushme/public_html/developer-maruf/api/webapi/GetCustomerServiceTypelist.php","line":32}}
{"time":"2026-08-27T00:36:08+05:30","level":"ERROR","request_id":"ea72b6b8f2d809a6","message":"PHP runtime error","request":{"method":"POST","uri":"/developer-maruf/api/webapi/GetCustomerServiceTypelist","script":"/developer-maruf/api/webapi/GetCustomerServiceTypelist.php"},"context":{"type":"E_WARNING","error":"Undefined array key 1","file":"/home/shreewintrushme/public_html/developer-maruf/api/webapi/GetCustomerServiceTypelist.php","line":32}}
{"time":"2026-08-27T00:36:13+05:30","level":"ERROR","request_id":"89fc31a2c9f31dcb","message":"PHP runtime error","request":{"method":"POST","uri":"/developer-maruf/api/webapi/GetCustomerServiceTypelist","script":"/developer-maruf/api/webapi/GetCustomerServiceTypelist.php"},"context":{"type":"E_WARNING","error":"Undefined array key 1","file":"/home/shreewintrushme/public_html/developer-maruf/api/webapi/GetCustomerServiceTypelist.php","line":32}}
{"time":"2026-08-27T00:36:23+05:30","level":"ERROR","request_id":"464df4526ec2e13c","message":"PHP runtime error","request":{"method":"POST","uri":"/developer-maruf/api/webapi/GetCustomerServiceTypelist","script":"/developer-maruf/api/webapi/GetCustomerServiceTypelist.php"},"context":{"type":"E_WARNING","error":"Undefined array key 1","file":"/home/shreewintrushme/public_html/developer-maruf/api/webapi/GetCustomerServiceTypelist.php","line":32}}
{"time":"2026-08-27T00:36:27+05:30","level":"ERROR","request_id":"c5bb166cf9db2bbc","message":"PHP runtime error","request":{"method":"POST","uri":"/developer-maruf/api/webapi/GetCustomerServiceTypelist","script":"/developer-maruf/api/webapi/GetCustomerServiceTypelist.php"},"context":{"type":"E_WARNING","error":"Undefined array key 1","file":"/home/shreewintrushme/public_html/developer-maruf/api/webapi/GetCustomerServiceTypelist.php","line":32}}
{"time":"2026-08-27T00:36:30+05:30","level":"ERROR","request_id":"4ee0619610fe3bc0","message":"PHP runtime error","request":{"method":"POST","uri":"/developer-maruf/api/webapi/GetCustomerServiceTypelist","script":"/developer-maruf/api/webapi/GetCustomerServiceTypelist.php"},"context":{"type":"E_WARNING","error":"Undefined array key 1","file":"/home/shreewintrushme/public_html/developer-maruf/api/webapi/GetCustomerServiceTypelist.php","line":32}}
{"time":"2026-08-27T00:36:34+05:30","level":"ERROR","request_id":"bbd5a9d66abfec97","message":"PHP runtime error","request":{"method":"POST","uri":"/developer-maruf/api/webapi/GetCustomerServiceTypelist","script":"/developer-maruf/api/webapi/GetCustomerServiceTypelist.php"},"context":{"type":"E_WARNING","error":"Undefined array key 1","file":"/home/shreewintrushme/public_html/developer-maruf/api/webapi/GetCustomerServiceTypelist.php","line":32}}
